Component: Arm Compiler for Embedded 6.22 Tool: armlink [5ee90200]

==============================================================================

Section Cross References

    startup_stm32f407xx.o(RESET) refers to startup_stm32f407xx.o(STACK) for __initial_sp
    startup_stm32f407xx.o(RESET) refers to startup_stm32f407xx.o(.text) for Reset_Handler
    startup_stm32f407xx.o(RESET) refers to stm32f4xx_it.o(.text.NMI_Handler) for NMI_Handler
    startup_stm32f407xx.o(RESET) refers to stm32f4xx_it.o(.text.HardFault_Handler) for HardFault_Handler
    startup_stm32f407xx.o(RESET) refers to stm32f4xx_it.o(.text.MemManage_Handler) for MemManage_Handler
    startup_stm32f407xx.o(RESET) refers to stm32f4xx_it.o(.text.BusFault_Handler) for BusFault_Handler
    startup_stm32f407xx.o(RESET) refers to stm32f4xx_it.o(.text.UsageFault_Handler) for UsageFault_Handler
    startup_stm32f407xx.o(RESET) refers to stm32f4xx_it.o(.text.SVC_Handler) for SVC_Handler
    startup_stm32f407xx.o(RESET) refers to stm32f4xx_it.o(.text.DebugMon_Handler) for DebugMon_Handler
    startup_stm32f407xx.o(RESET) refers to stm32f4xx_it.o(.text.PendSV_Handler) for PendSV_Handler
    startup_stm32f407xx.o(RESET) refers to stm32f4xx_it.o(.text.SysTick_Handler) for SysTick_Handler
    startup_stm32f407xx.o(RESET) refers to stm32f4xx_it.o(.text.DMA1_Stream0_IRQHandler) for DMA1_Stream0_IRQHandler
    startup_stm32f407xx.o(RESET) refers to stm32f4xx_it.o(.text.DMA1_Stream2_IRQHandler) for DMA1_Stream2_IRQHandler
    startup_stm32f407xx.o(RESET) refers to stm32f4xx_it.o(.text.TIM1_UP_TIM10_IRQHandler) for TIM1_UP_TIM10_IRQHandler
    startup_stm32f407xx.o(RESET) refers to stm32f4xx_it.o(.text.UART4_IRQHandler) for UART4_IRQHandler
    startup_stm32f407xx.o(RESET) refers to stm32f4xx_it.o(.text.UART5_IRQHandler) for UART5_IRQHandler
    startup_stm32f407xx.o(RESET) refers to stm32f4xx_it.o(.text.DMA2_Stream2_IRQHandler) for DMA2_Stream2_IRQHandler
    startup_stm32f407xx.o(RESET) refers to stm32f4xx_it.o(.text.DMA2_Stream7_IRQHandler) for DMA2_Stream7_IRQHandler
    startup_stm32f407xx.o(.text) refers to system_stm32f4xx.o(.text.SystemInit) for SystemInit
    startup_stm32f407xx.o(.text) refers to entry.o(.ARM.Collect$$$$00000000) for __main
    motor_carbase.o(.text.CarMove_TO_Relative) refers to motor_carbase.o(.bss..L_MergedGlobals) for .L_MergedGlobals
    motor_carbase.o(.text.CarMove_TO_Relative) refers to tim.o(.bss.htim10) for htim10
    motor_carbase.o(.text.CarMove_TO_Relative) refers to stm32f4xx_hal_tim.o(.text.HAL_TIM_Base_Start_IT) for HAL_TIM_Base_Start_IT
    motor_carbase.o(.text.CarMove_TO_Relative) refers to robotic_arm.o(.rodata.Relay_point) for Relay_point
    motor_carbase.o(.text.CarMove_TO_Relative) refers to stm32f4xx_hal.o(.text.HAL_Delay) for HAL_Delay
    motor_carbase.o(.text.CarMove_TO_Relative) refers to usart.o(.text.MOTOR_Stop) for MOTOR_Stop
    motor_carbase.o(.text.CarMove_TO_Relative) refers to f2d.o(.text) for __aeabi_f2d
    motor_carbase.o(.text.CarMove_TO_Relative) refers to dfltui.o(.text) for __aeabi_ui2d
    motor_carbase.o(.text.CarMove_TO_Relative) refers to ddiv.o(.text) for __aeabi_ddiv
    motor_carbase.o(.text.CarMove_TO_Relative) refers to dmul.o(.text) for __aeabi_dmul
    motor_carbase.o(.text.CarMove_TO_Relative) refers to dfixul.o(.text) for __aeabi_d2ulz
    motor_carbase.o(.text.CarMove_TO_Relative) refers to usart.o(.text.Motor_PositionControl_UART) for Motor_PositionControl_UART
    motor_carbase.o(.text.CarMove_TO_Relative) refers to usart.o(.text.MOTOR_SendMultipleStart) for MOTOR_SendMultipleStart
    motor_carbase.o(.text.CarMove_TO_Relative) refers to dfixui.o(.text) for __aeabi_d2uiz
    motor_carbase.o(.text.CarMove_TO_Relative) refers to usart.o(.bss..L_MergedGlobals) for Target_angle
    motor_carbase.o(.ARM.exidx.text.CarMove_TO_Relative) refers to motor_carbase.o(.text.CarMove_TO_Relative) for [Anonymous Symbol]
    motor_carbase.o(.text.CarMove_TO_Global) refers to motor_carbase.o(.bss..L_MergedGlobals.1) for .L_MergedGlobals.1
    motor_carbase.o(.text.CarMove_TO_Global) refers to motor_carbase.o(.text.CarMove_TO_Relative) for CarMove_TO_Relative
    motor_carbase.o(.ARM.exidx.text.CarMove_TO_Global) refers to motor_carbase.o(.text.CarMove_TO_Global) for [Anonymous Symbol]
    motor_carbase.o(.text.Error_compensation) refers to usart.o(.text.Send_MissionPack) for Send_MissionPack
    motor_carbase.o(.text.Error_compensation) refers to robotic_arm.o(.rodata.Relay_point) for Relay_point
    motor_carbase.o(.text.Error_compensation) refers to robotic_arm.o(.text.ROBOTICArm_DirectlyMove) for ROBOTICArm_DirectlyMove
    motor_carbase.o(.text.Error_compensation) refers to usart.o(.data.rk3588_Arry) for rk3588_Arry
    motor_carbase.o(.text.Error_compensation) refers to motor_carbase.o(.bss..L_MergedGlobals.1) for .L_MergedGlobals.1
    motor_carbase.o(.text.Error_compensation) refers to motor_carbase.o(.text.VOID_FUNCTION) for VOID_FUNCTION
[...]
    ../clib/microlib/init/entry.s            0x00000000   Number         0  entry7b.o ABSOLUTE
    ../clib/microlib/init/entry.s            0x00000000   Number         0  entry8a.o ABSOLUTE
    ../clib/microlib/init/entry.s            0x00000000   Number         0  entry8b.o ABSOLUTE
    ../clib/microlib/init/entry.s            0x00000000   Number         0  entry9a.o ABSOLUTE
    ../clib/microlib/init/entry.s            0x00000000   Number         0  entry9b.o ABSOLUTE
    ../clib/microlib/init/entry.s            0x00000000   Number         0  entry10a.o ABSOLUTE
    ../clib/microlib/init/entry.s            0x00000000   Number         0  entry10b.o ABSOLUTE
    ../clib/microlib/init/entry.s            0x00000000   Number         0  entry11a.o ABSOLUTE
    ../clib/microlib/init/entry.s            0x00000000   Number         0  entry11b.o ABSOLUTE
    ../clib/microlib/longlong.c              0x00000000   Number         0  llshl.o ABSOLUTE
    ../clib/microlib/longlong.c              0x00000000   Number         0  llushr.o ABSOLUTE
    ../clib/microlib/longlong.c              0x00000000   Number         0  llsshr.o ABSOLUTE
    ../clib/microlib/string/memset.c         0x00000000   Number         0  memseta.o ABSOLUTE
    ../clib/microlib/stubs.s                 0x00000000   Number         0  iusefp.o ABSOLUTE
    ../fplib/microlib/d2f.c                  0x00000000   Number         0  d2f.o ABSOLUTE
    ../fplib/microlib/f2d.c                  0x00000000   Number         0  f2d.o ABSOLUTE
    ../fplib/microlib/fpadd.c                0x00000000   Number         0  dadd.o ABSOLUTE
    ../fplib/microlib/fpdiv.c                0x00000000   Number         0  ddiv.o ABSOLUTE
    ../fplib/microlib/fpepilogue.c           0x00000000   Number         0  fepilogue.o ABSOLUTE
    ../fplib/microlib/fpepilogue.c           0x00000000   Number         0  depilogue.o ABSOLUTE
    ../fplib/microlib/fpfix.c                0x00000000   Number         0  dfixui.o ABSOLUTE
    ../fplib/microlib/fpfix.c                0x00000000   Number         0  dfixul.o ABSOLUTE
    ../fplib/microlib/fpflt.c                0x00000000   Number         0  dfltui.o ABSOLUTE
    ../fplib/microlib/fpmul.c                0x00000000   Number         0  dmul.o ABSOLUTE
    ../fplib/microlib/fpneg.c                0x00000000   Number         0  dneg.o ABSOLUTE
    ../fplib/microlib/fpsqrt.c               0x00000000   Number         0  dsqrt.o ABSOLUTE
    ../mathlib/acos.c                        0x00000000   Number         0  acos.o ABSOLUTE
    ../mathlib/atan.c                        0x00000000   Number         0  atan.o ABSOLUTE
    ../mathlib/dunder.c                      0x00000000   Number         0  dunder.o ABSOLUTE
    ../mathlib/fabs.c                        0x00000000   Number         0  fabs.o ABSOLUTE
    ../mathlib/fpclassify.c                  0x00000000   Number         0  fpclassify.o ABSOLUTE
    ../mathlib/poly.c                        0x00000000   Number         0  poly.o ABSOLUTE
    ../mathlib/sqrt.c                        0x00000000   Number         0  sqrt.o ABSOLUTE
    Motor_CARBASE.c                          0x00000000   Number         0  motor_carbase.o ABSOLUTE
    OLED.c                                   0x00000000   Number         0  oled.o ABSOLUTE
    ROBOTIC_Arm.c                            0x00000000   Number         0  robotic_arm.o ABSOLUTE
    dc.s                                     0x00000000   Number         0  dc.o ABSOLUTE
    dma.c                                    0x00000000   Number         0  dma.o ABSOLUTE
    gpio.c                                   0x00000000   Number         0  gpio.o ABSOLUTE
    handlers.s                               0x00000000   Number         0  handlers.o ABSOLUTE
    i2c.c                                    0x00000000   Number         0  i2c.o ABSOLUTE
    init.s                                   0x00000000   Number         0  init.o ABSOLUTE
    main.c                                   0x00000000   Number         0  main.o ABSOLUTE
    startup_stm32f407xx.s                    0x00000000   Number         0  startup_stm32f407xx.o ABSOLUTE
    stm32f4xx_hal.c                          0x00000000   Number         0  stm32f4xx_hal.o ABSOLUTE
    stm32f4xx_hal_cortex.c                   0x00000000   Number         0  stm32f4xx_hal_cortex.o ABSOLUTE
    stm32f4xx_hal_dma.c                      0x00000000   Number         0  stm32f4xx_hal_dma.o ABSOLUTE
    stm32f4xx_hal_dma_ex.c                   0x00000000   Number         0  stm32f4xx_hal_dma_ex.o ABSOLUTE
    stm32f4xx_hal_exti.c                     0x00000000   Number         0  stm32f4xx_hal_exti.o ABSOLUTE
    stm32f4xx_hal_flash.c                    0x00000000   Number         0  stm32f4xx_hal_flash.o ABSOLUTE
    stm32f4xx_hal_flash_ex.c                 0x00000000   Number         0  stm32f4xx_hal_flash_ex.o ABSOLUTE
    stm32f4xx_hal_flash_ramfunc.c            0x00000000   Number         0  stm32f4xx_hal_flash_ramfunc.o ABSOLUTE
    stm32f4xx_hal_gpio.c                     0x00000000   Number         0  stm32f4xx_hal_gpio.o ABSOLUTE
    stm32f4xx_hal_i2c.c                      0x00000000   Number         0  stm32f4xx_hal_i2c.o ABSOLUTE
    stm32f4xx_hal_i2c_ex.c                   0x00000000   Number         0  stm32f4xx_hal_i2c_ex.o ABSOLUTE
    stm32f4xx_hal_msp.c                      0x00000000   Number         0  stm32f4xx_hal_msp.o ABSOLUTE
    stm32f4xx_hal_pwr.c                      0x00000000   Number         0  stm32f4xx_hal_pwr.o ABSOLUTE
    stm32f4xx_hal_pwr_ex.c                   0x00000000   Number         0  stm32f4xx_hal_pwr_ex.o ABSOLUTE
    stm32f4xx_hal_rcc.c                      0x00000000   Number         0  stm32f4xx_hal_rcc.o ABSOLUTE
    stm32f4xx_hal_rcc_ex.c                   0x00000000   Number         0  stm32f4xx_hal_rcc_ex.o ABSOLUTE
    stm32f4xx_hal_tim.c                      0x00000000   Number         0  stm32f4xx_hal_tim.o ABSOLUTE
    stm32f4xx_hal_tim_ex.c                   0x00000000   Number         0  stm32f4xx_hal_tim_ex.o ABSOLUTE
    stm32f4xx_hal_uart.c                     0x00000000   Number         0  stm32f4xx_hal_uart.o ABSOLUTE
    stm32f4xx_it.c                           0x00000000   Number         0  stm32f4xx_it.o ABSOLUTE
    system_stm32f4xx.c                       0x00000000   Number         0  system_stm32f4xx.o ABSOLUTE
    tim.c                                    0x00000000   Number         0  tim.o ABSOLUTE
    usart.c                                  0x00000000   Number         0  usart.o ABSOLUTE
    RESET                                    0x08000000   Section      392  startup_stm32f407xx.o(RESET)
    .ARM.Collect$$$$00000000                 0x08000188   Section        0  entry.o(.ARM.Collect$$$$00000000)
    .ARM.Collect$$$$00000001                 0x08000188   Section        4  entry2.o(.ARM.Collect$$$$00000001)
    .ARM.Collect$$$$00000004                 0x0800018c   Section        4  entry5.o(.ARM.Collect$$$$00000004)
    .ARM.Collect$$$$00000008                 0x08000190   Section        0  entry7b.o(.ARM.Collect$$$$00000008)
    .ARM.Collect$$$$0000000A                 0x08000190   Section        0  entry8b.o(.ARM.Collect$$$$0000000A)
    .ARM.Collect$$$$0000000B                 0x08000190   Section        8  entry9a.o(.ARM.Collect$$$$0000000B)
    __lit__00000000                          0x08000198   Data           4  entry2.o(.ARM.Collect$$$$00002712)
    .ARM.Collect$$$$0000000D                 0x08000198   Section        0  entry10a.o(.ARM.Collect$$$$0000000D)
    .ARM.Collect$$$$0000000F                 0x08000198   Section        0  entry11a.o(.ARM.Collect$$$$0000000F)
    .ARM.Collect$$$$00002712                 0x08000198   Section        4  entry2.o(.ARM.Collect$$$$00002712)
    $v0                                      0x0800019c   Number         0  startup_stm32f407xx.o(.text)
    .text                                    0x0800019c   Section       36  startup_stm32f407xx.o(.text)
    .text                                    0x080001c0   Section        0  uldiv.o(.text)
    .text                                    0x08000222   Section        0  memseta.o(.text)
    .text                                    0x08000246   Section        0  dadd.o(.text)
    .text                                    0x08000394   Section        0  dmul.o(.text)
    .text                                    0x08000478   Section        0  ddiv.o(.text)
    .text                                    0x08000556   Section        0  dfixui.o(.text)
    .text                                    0x08000588   Section        0  f2d.o(.text)
    .text                                    0x080005ae   Section        0  d2f.o(.text)
    .text                                    0x080005e6   Section        0  llshl.o(.text)
    .text                                    0x08000604   Section        0  llushr.o(.text)
    .text                                    0x08000624   Section        0  llsshr.o(.text)
    .text                                    0x08000648   Section        0  iusefp.o(.text)
    .text                                    0x08000648   Section        0  fepilogue.o(.text)
    .text                                    0x080006b6   Section        0  depilogue.o(.text)
    .text                                    0x08000770   Section       48  init.o(.text)
    .text                                    0x080007a0   Section        0  dsqrt.o(.text)
    [Anonymous Symbol]                       0x08000844   Section        0  stm32f4xx_it.o(.text.BusFault_Handler)
    [Anonymous Symbol]                       0x08000848   Section        0  stm32f4xx_it.o(.text.DMA1_Stream0_IRQHandler)
    [Anonymous Symbol]                       0x08000854   Section        0  stm32f4xx_it.o(.text.DMA1_Stream2_IRQHandler)
    [Anonymous Symbol]                       0x08000860   Section        0  stm32f4xx_it.o(.text.DMA2_Stream2_IRQHandler)
    [Anonymous Symbol]                       0x0800086c   Section        0  stm32f4xx_it.o(.text.DMA2_Stream7_IRQHandler)
    [Anonymous Symbol]                       0x08000878   Section        0  stm32f4xx_it.o(.text.DebugMon_Handler)
    [Anonymous Symbol]                       0x0800087c   Section        0  main.o(.text.Error_Handler)
    [Anonymous Symbol]                       0x08000884   Section        0  usart.o(.text.Gyroscopes_ARRAY_Handle)
    [Anonymous Symbol]                       0x08000940   Section        0  stm32f4xx_hal_dma.o(.text.HAL_DMA_Abort)
    [Anonymous Symbol]                       0x080009d0   Section        0  stm32f4xx_hal_dma.o(.text.HAL_DMA_Abort_IT)
    [Anonymous Symbol]                       0x080009f4   Section        0  stm32f4xx_hal_dma.o(.text.HAL_DMA_IRQHandler)
    [Anonymous Symbol]                       0x08000bb8   Section        0  stm32f4xx_hal_dma.o(.text.HAL_DMA_Init)
    [Anonymous Symbol]                       0x08000d1c   Section        0  stm32f4xx_hal_dma.o(.text.HAL_DMA_Start_IT)
    [Anonymous Symbol]                       0x08000dc0   Section        0  stm32f4xx_hal.o(.text.HAL_Delay)
    [Anonymous Symbol]                       0x08000de8   Section        0  stm32f4xx_hal_gpio.o(.text.HAL_GPIO_Init)
    [Anonymous Symbol]                       0x08000f88   Section        0  stm32f4xx_hal_gpio.o(.text.HAL_GPIO_WritePin)
    [Anonymous Symbol]                       0x08000f94   Section        0  stm32f4xx_hal.o(.text.HAL_GetTick)
    [Anonymous Symbol]                       0x08000fa0   Section        0  stm32f4xx_hal_i2c.o(.text.HAL_I2C_Init)
    [Anonymous Symbol]                       0x08001104   Section        0  i2c.o(.text.HAL_I2C_MspInit)
    [Anonymous Symbol]                       0x08001178   Section        0  stm32f4xx_hal.o(.text.HAL_IncTick)
    [Anonymous Symbol]                       0x08001194   Section        0  stm32f4xx_hal.o(.text.HAL_Init)
    [Anonymous Symbol]                       0x080011cc   Section        0  stm32f4xx_hal.o(.text.HAL_InitTick)
    [Anonymous Symbol]                       0x08001214   Section        0  stm32f4xx_hal_msp.o(.text.HAL_MspInit)
    [Anonymous Symbol]                       0x0800124c   Section        0  stm32f4xx_hal_cortex.o(.text.HAL_NVIC_EnableIRQ)
    [Anonymous Symbol]                       0x08001270   Section        0  stm32f4xx_hal_cortex.o(.text.HAL_NVIC_SetPriority)
    [Anonymous Symbol]                       0x080012c8   Section        0  stm32f4xx_hal_cortex.o(.text.HAL_NVIC_SetPriorityGrouping)
    [Anonymous Symbol]                       0x080012e8   Section        0  stm32f4xx_hal_rcc.o(.text.HAL_RCC_ClockConfig)
    [Anonymous Symbol]                       0x0800144c   Section        0  stm32f4xx_hal_rcc.o(.text.HAL_RCC_GetPCLK1Freq)
    [Anonymous Symbol]                       0x08001474   Section        0  stm32f4xx_hal_rcc.o(.text.HAL_RCC_GetPCLK2Freq)
    [Anonymous Symbol]                       0x0800149c   Section        0  stm32f4xx_hal_rcc.o(.text.HAL_RCC_GetSysClockFreq)
    [Anonymous Symbol]                       0x08001508   Section        0  stm32f4xx_hal_rcc.o(.text.HAL_RCC_OscConfig)
    [Anonymous Symbol]                       0x080018b4   Section        0  stm32f4xx_hal_cortex.o(.text.HAL_SYSTICK_Config)
    [Anonymous Symbol]                       0x080018e0   Section        0  stm32f4xx_hal_tim_ex.o(.text.HAL_TIMEx_BreakCallback)
    [Anonymous Symbol]                       0x080018e4   Section        0  stm32f4xx_hal_tim_ex.o(.text.HAL_TIMEx_CommutCallback)
    [Anonymous Symbol]                       0x080018e8   Section        0  stm32f4xx_hal_tim_ex.o(.text.HAL_TIMEx_ConfigBreakDeadTime)
    [Anonymous Symbol]                       0x08001934   Section        0  stm32f4xx_hal_tim_ex.o(.text.HAL_TIMEx_MasterConfigSynchronization)
    [Anonymous Symbol]                       0x080019f0   Section        0  stm32f4xx_hal_tim.o(.text.HAL_TIM_Base_Init)
    [Anonymous Symbol]                       0x08001a4c   Section        0  tim.o(.text.HAL_TIM_Base_MspInit)
    [Anonymous Symbol]                       0x08001b44   Section        0  stm32f4xx_hal_tim.o(.text.HAL_TIM_Base_Stop_IT)
    [Anonymous Symbol]                       0x08001b80   Section        0  stm32f4xx_hal_tim.o(.text.HAL_TIM_ConfigClockSource)
    [Anonymous Symbol]                       0x08001d20   Section        0  stm32f4xx_hal_tim.o(.text.HAL_TIM_IC_CaptureCallback)
    [Anonymous Symbol]                       0x08001d24   Section        0  stm32f4xx_hal_tim.o(.text.HAL_TIM_IRQHandler)
    [Anonymous Symbol]                       0x08001e74   Section        0  tim.o(.text.HAL_TIM_MspPostInit)
    [Anonymous Symbol]                       0x08001fb8   Section        0  stm32f4xx_hal_tim.o(.text.HAL_TIM_OC_DelayElapsedCallback)
    [Anonymous Symbol]                       0x08001fbc   Section        0  stm32f4xx_hal_tim.o(.text.HAL_TIM_PWM_ConfigChannel)
    [Anonymous Symbol]                       0x080021dc   Section        0  stm32f4xx_hal_tim.o(.text.HAL_TIM_PWM_Init)
    [Anonymous Symbol]                       0x08002238   Section        0  tim.o(.text.HAL_TIM_PWM_MspInit)
    [Anonymous Symbol]                       0x08002280   Section        0  stm32f4xx_hal_tim.o(.text.HAL_TIM_PWM_PulseFinishedCallback)
    [Anonymous Symbol]                       0x08002284   Section        0  stm32f4xx_hal_tim.o(.text.HAL_TIM_PWM_Start)
    [Anonymous Symbol]                       0x08002398   Section        0  motor_carbase.o(.text.HAL_TIM_PeriodElapsedCallback)
    [Anonymous Symbol]                       0x08002720   Section        0  stm32f4xx_hal_tim.o(.text.HAL_TIM_TriggerCallback)
    [Anonymous Symbol]                       0x08002724   Section        0  stm32f4xx_hal_uart.o(.text.HAL_UARTEx_RxEventCallback)
    [Anonymous Symbol]                       0x08002728   Section        0  stm32f4xx_hal_uart.o(.text.HAL_UART_ErrorCallback)
    [Anonymous Symbol]                       0x0800272c   Section        0  stm32f4xx_hal_uart.o(.text.HAL_UART_IRQHandler)
    [Anonymous Symbol]                       0x08002c9c   Section        0  stm32f4xx_hal_uart.o(.text.HAL_UART_Init)
    [Anonymous Symbol]                       0x08002cfc   Section        0  usart.o(.text.HAL_UART_MspInit)
    [Anonymous Symbol]                       0x08002fc8   Section        0  stm32f4xx_hal_uart.o(.text.HAL_UART_Receive)
    [Anonymous Symbol]                       0x080031f8   Section        0  stm32f4xx_hal_uart.o(.text.HAL_UART_Receive_DMA)
    [Anonymous Symbol]                       0x08003364   Section        0  usart.o(.text.HAL_UART_RxCpltCallback)
    [Anonymous Symbol]                       0x0800344c   Section        0  stm32f4xx_hal_uart.o(.text.HAL_UART_RxHalfCpltCallback)
    [Anonymous Symbol]                       0x08003450   Section        0  stm32f4xx_hal_uart.o(.text.HAL_UART_Transmit)
    [Anonymous Symbol]                       0x080035e4   Section        0  stm32f4xx_hal_uart.o(.text.HAL_UART_TxCpltCallback)
    [Anonymous Symbol]                       0x080035e8   Section        0  stm32f4xx_it.o(.text.HardFault_Handler)
    [Anonymous Symbol]                       0x080035ec   Section        0  main.o(.text.LED_ONOFF)
    [Anonymous Symbol]                       0x08003718   Section        0  usart.o(.text.MOTOR_SendMultipleStart)
    [Anonymous Symbol]                       0x08003730   Section        0  usart.o(.text.MOTOR_Stop)
    [Anonymous Symbol]                       0x08003748   Section        0  dma.o(.text.MX_DMA_Init)
    [Anonymous Symbol]                       0x080037c4   Section        0  gpio.o(.text.MX_GPIO_Init)
    [Anonymous Symbol]                       0x080038f0   Section        0  i2c.o(.text.MX_I2C1_Init)
    [Anonymous Symbol]                       0x08003934   Section        0  tim.o(.text.MX_TIM10_Init)
    [Anonymous Symbol]                       0x0800396c   Section        0  tim.o(.text.MX_TIM1_Init)
    [Anonymous Symbol]                       0x08003a84   Section        0  tim.o(.text.MX_TIM2_Init)
    [Anonymous Symbol]                       0x08003b50   Section        0  tim.o(.text.MX_TIM3_Init)
    [Anonymous Symbol]                       0x08003c20   Section        0  tim.o(.text.MX_TIM4_Init)
    [Anonymous Symbol]                       0x08003cf0   Section        0  tim.o(.text.MX_TIM5_Init)
    [Anonymous Symbol]                       0x08003dbc   Section        0  usart.o(.text.MX_UART4_Init)
    [Anonymous Symbol]                       0x08003e0c   Section        0  usart.o(.text.MX_UART5_Init)
    [Anonymous Symbol]                       0x08003e60   Section        0  usart.o(.text.MX_USART1_UART_Init)
    [Anonymous Symbol]                       0x08003e9c   Section        0  stm32f4xx_it.o(.text.MemManage_Handler)
    [Anonymous Symbol]                       0x08003ea0   Section        0  usart.o(.text.Motor_SpeedControl_UART)
    [Anonymous Symbol]                       0x08003ef8   Section        0  stm32f4xx_it.o(.text.NMI_Handler)
    [Anonymous Symbol]                       0x08003efc   Section        0  oled.o(.text.OLED_Clear)
    [Anonymous Symbol]                       0x08003f90   Section        0  oled.o(.text.OLED_I2C_SendByte)
    [Anonymous Symbol]                       0x080040b4   Section        0  oled.o(.text.OLED_Init)
    [Anonymous Symbol]                       0x08004164   Section        0  oled.o(.text.OLED_WriteCommand)
    [Anonymous Symbol]                       0x080041cc   Section        0  stm32f4xx_it.o(.text.PendSV_Handler)
    [Anonymous Symbol]                       0x080041d0   Section        0  robotic_arm.o(.text.ROBOTICArm_Coordinate_Calculation)
    [Anonymous Symbol]                       0x08004494   Section        0  robotic_arm.o(.text.ROBOTICArm_DirectlyMove)
    [Anonymous Symbol]                       0x080044f8   Section        0  robotic_arm.o(.text.ROBOTICArm_initialize)
    [Anonymous Symbol]                       0x08004560   Section        0  robotic_arm.o(.text.ROBOTICArm_linearInterpolationAlgorithm)
    [Anonymous Symbol]                       0x08004714   Section        0  main.o(.text.Raw_Material)
    [Anonymous Symbol]                       0x08004b10   Section        0  tim.o(.text.SERVO_AngleSet)
    [Anonymous Symbol]                       0x08004b78   Section        0  tim.o(.text.SERVO_ClawSet)
    [Anonymous Symbol]                       0x08004bd4   Section        0  stm32f4xx_it.o(.text.SVC_Handler)
    [Anonymous Symbol]                       0x08004bd8   Section        0  usart.o(.text.Send_MissionPack)
    [Anonymous Symbol]                       0x08004bfc   Section        0  stm32f4xx_it.o(.text.SysTick_Handler)
    [Anonymous Symbol]                       0x08004c00   Section        0  main.o(.text.SystemClock_Config)
    [Anonymous Symbol]                       0x08004ca8   Section        0  system_stm32f4xx.o(.text.SystemInit)
    [Anonymous Symbol]                       0x08004cbc   Section        0  stm32f4xx_it.o(.text.TIM1_UP_TIM10_IRQHandler)
    [Anonymous Symbol]                       0x08004cdc   Section        0  stm32f4xx_hal_tim.o(.text.TIM_Base_SetConfig)
    [Anonymous Symbol]                       0x08004e20   Section        0  stm32f4xx_it.o(.text.UART4_IRQHandler)
    [Anonymous Symbol]                       0x08004e2c   Section        0  stm32f4xx_it.o(.text.UART5_IRQHandler)
    UART_DMAAbortOnError                     0x08004e39   Thumb Code    12  stm32f4xx_hal_uart.o(.text.UART_DMAAbortOnError)
    [Anonymous Symbol]                       0x08004e38   Section        0  stm32f4xx_hal_uart.o(.text.UART_DMAAbortOnError)
    UART_DMAError                            0x08004e45   Thumb Code   380  stm32f4xx_hal_uart.o(.text.UART_DMAError)
    [Anonymous Symbol]                       0x08004e44   Section        0  stm32f4xx_hal_uart.o(.text.UART_DMAError)
    UART_DMAReceiveCplt                      0x08004fc1   Thumb Code   350  stm32f4xx_hal_uart.o(.text.UART_DMAReceiveCplt)
    [Anonymous Symbol]                       0x08004fc0   Section        0  stm32f4xx_hal_uart.o(.text.UART_DMAReceiveCplt)
    UART_DMARxHalfCplt                       0x08005121   Thumb Code    24  stm32f4xx_hal_uart.o(.text.UART_DMARxHalfCplt)
    [Anonymous Symbol]                       0x08005120   Section        0  stm32f4xx_hal_uart.o(.text.UART_DMARxHalfCplt)
    UART_Receive_IT                          0x08005139   Thumb Code   254  stm32f4xx_hal_uart.o(.text.UART_Receive_IT)
    [Anonymous Symbol]                       0x08005138   Section        0  stm32f4xx_hal_uart.o(.text.UART_Receive_IT)
    UART_SetConfig                           0x08005239   Thumb Code   230  stm32f4xx_hal_uart.o(.text.UART_SetConfig)
    [Anonymous Symbol]                       0x08005238   Section        0  stm32f4xx_hal_uart.o(.text.UART_SetConfig)
    [Anonymous Symbol]                       0x08005320   Section        0  stm32f4xx_it.o(.text.UsageFault_Handler)
    [Anonymous Symbol]                       0x08005324   Section        0  main.o(.text.main)
    i.__ARM_fpclassify                       0x080053fe   Section        0  fpclassify.o(i.__ARM_fpclassify)
    i.__hardfp_acos                          0x08005430   Section        0  acos.o(i.__hardfp_acos)
    i.__hardfp_atan                          0x08005788   Section        0  atan.o(i.__hardfp_atan)
    i.__kernel_poly                          0x08005a60   Section        0  poly.o(i.__kernel_poly)
    i.__mathlib_dbl_infnan                   0x08005b58   Section        0  dunder.o(i.__mathlib_dbl_infnan)
    i.__mathlib_dbl_invalid                  0x08005b70   Section        0  dunder.o(i.__mathlib_dbl_invalid)
    i.__mathlib_dbl_underflow                0x08005b90   Section        0  dunder.o(i.__mathlib_dbl_underflow)
    i.__scatterload_copy                     0x08005bb0   Section       14  handlers.o(i.__scatterload_copy)
    i.__scatterload_null                     0x08005bbe   Section        2  handlers.o(i.__scatterload_null)
    i.__scatterload_zeroinit                 0x08005bc0   Section       14  handlers.o(i.__scatterload_zeroinit)
    i.__set_errno                            0x08005bd0   Section        0  errno.o(i.__set_errno)
    i.fabs                                   0x08005bdc   Section        0  fabs.o(i.fabs)
    i.sqrt                                   0x08005bf4   Section        0  sqrt.o(i.sqrt)
    pS                                       0x08005c68   Data          48  acos.o(.constdata)
    .constdata                               0x08005c68   Section       80  acos.o(.constdata)
    qS                                       0x08005c98   Data          32  acos.o(.constdata)
    atanhi                                   0x08005cb8   Data          32  atan.o(.constdata)
    .constdata                               0x08005cb8   Section      152  atan.o(.constdata)
    atanlo                                   0x08005cd8   Data          32  atan.o(.constdata)
    aTodd                                    0x08005cf8   Data          40  atan.o(.constdata)
    aTeven                                   0x08005d20   Data          48  atan.o(.constdata)
    DMA_CalcBaseAndBitshift.flagBitshiftOffset 0x08005ddc   Data           8  stm32f4xx_hal_dma.o(.rodata.cst8)
    [Anonymous Symbol]                       0x08005ddc   Section        0  stm32f4xx_hal_dma.o(.rodata.cst8)
    _errno                                   0x20000000   Data           4  errno.o(.data)
    .data                                    0x20000000   Section        4  errno.o(.data)
    .L_MergedGlobals                         0x20000004   Data          64  robotic_arm.o(.data..L_MergedGlobals)
    [Anonymous Symbol]                       0x20000004   Section        0  robotic_arm.o(.data..L_MergedGlobals)
    .L_MergedGlobals                         0x20000044   Data           8  stm32f4xx_hal.o(.data..L_MergedGlobals)
    [Anonymous Symbol]                       0x20000044   Section        0  stm32f4xx_hal.o(.data..L_MergedGlobals)
    .L_MergedGlobals                         0x20000078   Data         116  motor_carbase.o(.bss..L_MergedGlobals)
    [Anonymous Symbol]                       0x20000078   Section        0  motor_carbase.o(.bss..L_MergedGlobals)
    .L_MergedGlobals                         0x200000ec   Data          54  usart.o(.bss..L_MergedGlobals)
    [Anonymous Symbol]                       0x200000ec   Section        0  usart.o(.bss..L_MergedGlobals)
    .L_MergedGlobals.1                       0x20000124   Data          20  robotic_arm.o(.bss..L_MergedGlobals.1)
    ROBOTICArm_linearInterpolationAlgorithm.linearInterpolationAlgorithm_state 0x20000124   Data           1  robotic_arm.o(.bss..L_MergedGlobals.1)
    [Anonymous Symbol]                       0x20000124   Section        0  robotic_arm.o(.bss..L_MergedGlobals.1)
    ROBOTICArm_linearInterpolationAlgorithm.FeedCNT 0x20000126   Data           2  robotic_arm.o(.bss..L_MergedGlobals.1)
    ROBOTICArm_linearInterpolationAlgorithm.FeedAmount 0x20000128   Data           4  robotic_arm.o(.bss..L_MergedGlobals.1)
    ROBOTICArm_linearInterpolationAlgorithm.Step_X 0x2000012c   Data           4  robotic_arm.o(.bss..L_MergedGlobals.1)
    ROBOTICArm_linearInterpolationAlgorithm.Step_Y 0x20000130   Data           4  robotic_arm.o(.bss..L_MergedGlobals.1)
    ROBOTICArm_linearInterpolationAlgorithm.Step_Z 0x20000134   Data           4  robotic_arm.o(.bss..L_MergedGlobals.1)
    Raw_Material.Raw_Material_CNT            0x20000138   Data           1  main.o(.bss.Raw_Material.Raw_Material_CNT)
    [Anonymous Symbol]                       0x20000138   Section        0  main.o(.bss.Raw_Material.Raw_Material_CNT)
    STACK                                    0x200005a0   Section     4096  startup_stm32f407xx.o(STACK)

    Global Symbols

    Symbol Name                              Value     Ov Type        Size  Object(Section)

    BuildAttributes$$THM_ISAv4$E$P$D$K$B$S$7EM$VFPi3$EXTD16$VFPS$VFMA$PE$A:L22UL41UL21$X:L11$S22US41US21$IEEE1$IW$~IW$USESV6$~STKCKD$USESV7$~SHL$OTIME$ROPI$IEEEX$EBA8$MICROLIB$REQ8$PRES8$EABIv2 0x00000000   Number         0  anon$$obj.o ABSOLUTE
    __cpp_initialize__aeabi_                  - Undefined Weak Reference
    __cxa_finalize                            - Undefined Weak Reference
    __decompress                              - Undefined Weak Reference
    _clock_init                               - Undefined Weak Reference
    _microlib_exit                            - Undefined Weak Reference
    __Vectors_Size                           0x00000188   Number         0  startup_stm32f407xx.o ABSOLUTE
    __Vectors                                0x08000000   Data           4  startup_stm32f407xx.o(RESET)
    __Vectors_End                            0x08000188   Data           0  startup_stm32f407xx.o(RESET)
    __main                                   0x08000189   Thumb Code     0  entry.o(.ARM.Collect$$$$00000000)
    _main_stk                                0x08000189   Thumb Code     0  entry2.o(.ARM.Collect$$$$00000001)
    _main_scatterload                        0x0800018d   Thumb Code     0  entry5.o(.ARM.Collect$$$$00000004)
    __main_after_scatterload                 0x08000191   Thumb Code     0  entry5.o(.ARM.Collect$$$$00000004)
    _main_clock                              0x08000191   Thumb Code     0  entry7b.o(.ARM.Collect$$$$00000008)
    _main_cpp_init                           0x08000191   Thumb Code     0  entry8b.o(.ARM.Collect$$$$0000000A)
    _main_init                               0x08000191   Thumb Code     0  entry9a.o(.ARM.Collect$$$$0000000B)
    __rt_final_cpp                           0x08000199   Thumb Code     0  entry10a.o(.ARM.Collect$$$$0000000D)
    __rt_final_exit                          0x08000199   Thumb Code     0  entry11a.o(.ARM.Collect$$$$0000000F)
    Reset_Handler                            0x0800019d   Thumb Code     8  startup_stm32f407xx.o(.text)
    ADC_IRQHandler                           0x080001b7   Thumb Code     0  startup_stm32f407xx.o(.text)
    CAN1_RX0_IRQHandler                      0x080001b7   Thumb Code     0  startup_stm32f407xx.o(.text)
    CAN1_RX1_IRQHandler                      0x080001b7   Thumb Code     0  startup_stm32f407xx.o(.text)
    CAN1_SCE_IRQHandler                      0x080001b7   Thumb Code     0  startup_stm32f407xx.o(.text)
    CAN1_TX_IRQHandler                       0x080001b7   Thumb Code     0  startup_stm32f407xx.o(.text)
    CAN2_RX0_IRQHandler                      0x080001b7   Thumb Code     0  startup_stm32f407xx.o(.text)
    CAN2_RX1_IRQHandler                      0x080001b7   Thumb Code     0  startup_stm32f407xx.o(.text)
    CAN2_SCE_IRQHandler                      0x080001b7   Thumb Code     0  startup_stm32f407xx.o(.text)
    CAN2_TX_IRQHandler                       0x080001b7   Thumb Code     0  startup_stm32f407xx.o(.text)
    DCMI_IRQHandler                          0x080001b7   Thumb Code     0  startup_stm32f407xx.o(.text)
    DMA1_Stream1_IRQHandler                  0x080001b7   Thumb Code     0  startup_stm32f407xx.o(.text)
    DMA1_Stream3_IRQHandler                  0x080001b7   Thumb Code     0  startup_stm32f407xx.o(.text)
    DMA1_Stream4_IRQHandler                  0x080001b7   Thumb Code     0  startup_stm32f407xx.o(.text)
    DMA1_Stream5_IRQHandler                  0x080001b7   Thumb Code     0  startup_stm32f407xx.o(.text)
    DMA1_Stream6_IRQHandler                  0x080001b7   Thumb Code     0  startup_stm32f407xx.o(.text)
    DMA1_Stream7_IRQHandler                  0x080001b7   Thumb Code     0  startup_stm32f407xx.o(.text)
    DMA2_Stream0_IRQHandler                  0x080001b7   Thumb Code     0  startup_stm32f407xx.o(.text)
    DMA2_Stream1_IRQHandler                  0x080001b7   Thumb Code     0  startup_stm32f407xx.o(.text)
    DMA2_Stream3_IRQHandler                  0x080001b7   Thumb Code     0  startup_stm32f407xx.o(.text)
    DMA2_Stream4_IRQHandler                  0x080001b7   Thumb Code     0  startup_stm32f407xx.o(.text)
    DMA2_Stream5_IRQHandler                  0x080001b7   Thumb Code     0  startup_stm32f407xx.o(.text)
    DMA2_Stream6_IRQHandler                  0x080001b7   Thumb Code     0  startup_stm32f407xx.o(.text)
    ETH_IRQHandler                           0x080001b7   Thumb Code     0  startup_stm32f407xx.o(.text)
    ETH_WKUP_IRQHandler                      0x080001b7   Thumb Code     0  startup_stm32f407xx.o(.text)
    EXTI0_IRQHandler                         0x080001b7   Thumb Code     0  startup_stm32f407xx.o(.text)
    EXTI15_10_IRQHandler                     0x080001b7   Thumb Code     0  startup_stm32f407xx.o(.text)
    EXTI1_IRQHandler                         0x080001b7   Thumb Code     0  startup_stm32f407xx.o(.text)
    EXTI2_IRQHandler                         0x080001b7   Thumb Code     0  startup_stm32f407xx.o(.text)
    EXTI3_IRQHandler                         0x080001b7   Thumb Code     0  startup_stm32f407xx.o(.text)
    EXTI4_IRQHandler                         0x080001b7   Thumb Code     0  startup_stm32f407xx.o(.text)
    EXTI9_5_IRQHandler                       0x080001b7   Thumb Code     0  startup_stm32f407xx.o(.text)
    FLASH_IRQHandler                         0x080001b7   Thumb Code     0  startup_stm32f407xx.o(.text)
    FMC_IRQHandler                           0x080001b7   Thumb Code     0  startup_stm32f407xx.o(.text)
    FPU_IRQHandler                           0x080001b7   Thumb Code     0  startup_stm32f407xx.o(.text)
    HASH_RNG_IRQHandler                      0x080001b7   Thumb Code     0  startup_stm32f407xx.o(.text)
    I2C1_ER_IRQHandler                       0x080001b7   Thumb Code     0  startup_stm32f407xx.o(.text)
    I2C1_EV_IRQHandler                       0x080001b7   Thumb Code     0  startup_stm32f407xx.o(.text)
    I2C2_ER_IRQHandler                       0x080001b7   Thumb Code     0  startup_stm32f407xx.o(.text)
    I2C2_EV_IRQHandler                       0x080001b7   Thumb Code     0  startup_stm32f407xx.o(.text)
    I2C3_ER_IRQHandler                       0x080001b7   Thumb Code     0  startup_stm32f407xx.o(.text)
    I2C3_EV_IRQHandler                       0x080001b7   Thumb Code     0  startup_stm32f407xx.o(.text)
    OTG_FS_IRQHandler                        0x080001b7   Thumb Code     0  startup_stm32f407xx.o(.text)
    OTG_FS_WKUP_IRQHandler                   0x080001b7   Thumb Code     0  startup_stm32f407xx.o(.text)
    OTG_HS_EP1_IN_IRQHandler                 0x080001b7   Thumb Code     0  startup_stm32f407xx.o(.text)
    OTG_HS_EP1_OUT_IRQHandler                0x080001b7   Thumb Code     0  startup_stm32f407xx.o(.text)
    OTG_HS_IRQHandler                        0x080001b7   Thumb Code     0  startup_stm32f407xx.o(.text)
    OTG_HS_WKUP_IRQHandler                   0x080001b7   Thumb Code     0  startup_stm32f407xx.o(.text)
    PVD_IRQHandler                           0x080001b7   Thumb Code     0  startup_stm32f407xx.o(.text)
    RCC_IRQHandler                           0x080001b7   Thumb Code     0  startup_stm32f407xx.o(.text)
    RTC_Alarm_IRQHandler                     0x080001b7   Thumb Code     0  startup_stm32f407xx.o(.text)
    RTC_WKUP_IRQHandler                      0x080001b7   Thumb Code     0  startup_stm32f407xx.o(.text)
    SDIO_IRQHandler                          0x080001b7   Thumb Code     0  startup_stm32f407xx.o(.text)
    SPI1_IRQHandler                          0x080001b7   Thumb Code     0  startup_stm32f407xx.o(.text)
    SPI2_IRQHandler                          0x080001b7   Thumb Code     0  startup_stm32f407xx.o(.text)
    SPI3_IRQHandler                          0x080001b7   Thumb Code     0  startup_stm32f407xx.o(.text)
    TAMP_STAMP_IRQHandler                    0x080001b7   Thumb Code     0  startup_stm32f407xx.o(.text)
    TIM1_BRK_TIM9_IRQHandler                 0x080001b7   Thumb Code     0  startup_stm32f407xx.o(.text)
    TIM1_CC_IRQHandler                       0x080001b7   Thumb Code     0  startup_stm32f407xx.o(.text)
    TIM1_TRG_COM_TIM11_IRQHandler            0x080001b7   Thumb Code     0  startup_stm32f407xx.o(.text)
    TIM2_IRQHandler                          0x080001b7   Thumb Code     0  startup_stm32f407xx.o(.text)
    TIM3_IRQHandler                          0x080001b7   Thumb Code     0  startup_stm32f407xx.o(.text)
    TIM4_IRQHandler                          0x080001b7   Thumb Code     0  startup_stm32f407xx.o(.text)
    TIM5_IRQHandler                          0x080001b7   Thumb Code     0  startup_stm32f407xx.o(.text)
    TIM6_DAC_IRQHandler                      0x080001b7   Thumb Code     0  startup_stm32f407xx.o(.text)
    TIM7_IRQHandler                          0x080001b7   Thumb Code     0  startup_stm32f407xx.o(.text)
    TIM8_BRK_TIM12_IRQHandler                0x080001b7   Thumb Code     0  startup_stm32f407xx.o(.text)
    TIM8_CC_IRQHandler                       0x080001b7   Thumb Code     0  startup_stm32f407xx.o(.text)
    TIM8_TRG_COM_TIM14_IRQHandler            0x080001b7   Thumb Code     0  startup_stm32f407xx.o(.text)
    TIM8_UP_TIM13_IRQHandler                 0x080001b7   Thumb Code     0  startup_stm32f407xx.o(.text)
    USART1_IRQHandler                        0x080001b7   Thumb Code     0  startup_stm32f407xx.o(.text)
    USART2_IRQHandler                        0x080001b7   Thumb Code     0  startup_stm32f407xx.o(.text)
    USART3_IRQHandler                        0x080001b7   Thumb Code     0  startup_stm32f407xx.o(.text)
    USART6_IRQHandler                        0x080001b7   Thumb Code     0  startup_stm32f407xx.o(.text)
    WWDG_IRQHandler                          0x080001b7   Thumb Code     0  startup_stm32f407xx.o(.text)
    __aeabi_uldivmod                         0x080001c1   Thumb Code    98  uldiv.o(.text)
    __aeabi_memset                           0x08000223   Thumb Code    14  memseta.o(.text)
    __aeabi_memset4                          0x08000223   Thumb Code     0  memseta.o(.text)
    __aeabi_memset8                          0x08000223   Thumb Code     0  memseta.o(.text)
    __aeabi_memclr                           0x08000231   Thumb Code     4  memseta.o(.text)
    __aeabi_memclr4                          0x08000231   Thumb Code     0  memseta.o(.text)
    __aeabi_memclr8                          0x08000231   Thumb Code     0  memseta.o(.text)
    _memset$wrapper                          0x08000235   Thumb Code    18  memseta.o(.text)
    __aeabi_dadd                             0x08000247   Thumb Code   322  dadd.o(.text)
    __aeabi_dsub                             0x08000389   Thumb Code     6  dadd.o(.text)
    __aeabi_drsub                            0x0800038f   Thumb Code     6  dadd.o(.text)
    __aeabi_dmul                             0x08000395   Thumb Code   228  dmul.o(.text)
    __aeabi_ddiv                             0x08000479   Thumb Code   222  ddiv.o(.text)
    __aeabi_d2uiz                            0x08000557   Thumb Code    50  dfixui.o(.text)
    __aeabi_f2d                              0x08000589   Thumb Code    38  f2d.o(.text)
    __aeabi_d2f                              0x080005af   Thumb Code    56  d2f.o(.text)
    __aeabi_llsl                             0x080005e7   Thumb Code    30  llshl.o(.text)
    _ll_shift_l                              0x080005e7   Thumb Code     0  llshl.o(.text)
    __aeabi_llsr                             0x08000605   Thumb Code    32  llushr.o(.text)
    _ll_ushift_r                             0x08000605   Thumb Code     0  llushr.o(.text)
    __aeabi_lasr                             0x08000625   Thumb Code    36  llsshr.o(.text)
    _ll_sshift_r                             0x08000625   Thumb Code     0  llsshr.o(.text)
    __I$use$fp                               0x08000649   Thumb Code     0  iusefp.o(.text)
    _float_round                             0x08000649   Thumb Code    18  fepilogue.o(.text)
    _float_epilogue                          0x0800065b   Thumb Code    92  fepilogue.o(.text)
    _double_round                            0x080006b7   Thumb Code    30  depilogue.o(.text)
    _double_epilogue                         0x080006d5   Thumb Code   156  depilogue.o(.text)
    __scatterload                            0x08000771   Thumb Code    38  init.o(.text)
    __scatterload_rt2                        0x08000771   Thumb Code     0  init.o(.text)
    _dsqrt                                   0x080007a1   Thumb Code   162  dsqrt.o(.text)
    BusFault_Handler                         0x08000845   Thumb Code     2  stm32f4xx_it.o(.text.BusFault_Handler)
    DMA1_Stream0_IRQHandler                  0x08000849   Thumb Code    12  stm32f4xx_it.o(.text.DMA1_Stream0_IRQHandler)
    DMA1_Stream2_IRQHandler                  0x08000855   Thumb Code    12  stm32f4xx_it.o(.text.DMA1_Stream2_IRQHandler)
    DMA2_Stream2_IRQHandler                  0x08000861   Thumb Code    12  stm32f4xx_it.o(.text.DMA2_Stream2_IRQHandler)
    DMA2_Stream7_IRQHandler                  0x0800086d   Thumb Code    12  stm32f4xx_it.o(.text.DMA2_Stream7_IRQHandler)
    DebugMon_Handler                         0x08000879   Thumb Code     2  stm32f4xx_it.o(.text.DebugMon_Handler)
    Error_Handler                            0x0800087d   Thumb Code     6  main.o(.text.Error_Handler)
    Gyroscopes_ARRAY_Handle                  0x08000885   Thumb Code   176  usart.o(.text.Gyroscopes_ARRAY_Handle)
    HAL_DMA_Abort                            0x08000941   Thumb Code   142  stm32f4xx_hal_dma.o(.text.HAL_DMA_Abort)
    HAL_DMA_Abort_IT                         0x080009d1   Thumb Code    36  stm32f4xx_hal_dma.o(.text.HAL_DMA_Abort_IT)
    HAL_DMA_IRQHandler                       0x080009f5   Thumb Code   452  stm32f4xx_hal_dma.o(.text.HAL_DMA_IRQHandler)
    HAL_DMA_Init                             0x08000bb9   Thumb Code   354  stm32f4xx_hal_dma.o(.text.HAL_DMA_Init)
    HAL_DMA_Start_IT                         0x08000d1d   Thumb Code   162  stm32f4xx_hal_dma.o(.text.HAL_DMA_Start_IT)
    HAL_Delay                                0x08000dc1   Thumb Code    40  stm32f4xx_hal.o(.text.HAL_Delay)
    HAL_GPIO_Init                            0x08000de9   Thumb Code   414  stm32f4xx_hal_gpio.o(.text.HAL_GPIO_Init)
    HAL_GPIO_WritePin                        0x08000f89   Thumb Code    10  stm32f4xx_hal_gpio.o(.text.HAL_GPIO_WritePin)
    HAL_GetTick                              0x08000f95   Thumb Code    12  stm32f4xx_hal.o(.text.HAL_GetTick)
    HAL_I2C_Init                             0x08000fa1   Thumb Code   356  stm32f4xx_hal_i2c.o(.text.HAL_I2C_Init)
    HAL_I2C_MspInit                          0x08001105   Thumb Code   116  i2c.o(.text.HAL_I2C_MspInit)
    HAL_IncTick                              0x08001179   Thumb Code    26  stm32f4xx_hal.o(.text.HAL_IncTick)
    HAL_Init                                 0x08001195   Thumb Code    54  stm32f4xx_hal.o(.text.HAL_Init)
    HAL_InitTick                             0x080011cd   Thumb Code    72  stm32f4xx_hal.o(.text.HAL_InitTick)
    HAL_MspInit                              0x08001215   Thumb Code    56  stm32f4xx_hal_msp.o(.text.HAL_MspInit)
    HAL_NVIC_EnableIRQ                       0x0800124d   Thumb Code    34  stm32f4xx_hal_cortex.o(.text.HAL_NVIC_EnableIRQ)
    HAL_NVIC_SetPriority                     0x08001271   Thumb Code    86  stm32f4xx_hal_cortex.o(.text.HAL_NVIC_SetPriority)
    HAL_NVIC_SetPriorityGrouping             0x080012c9   Thumb Code    32  stm32f4xx_hal_cortex.o(.text.HAL_NVIC_SetPriorityGrouping)
    HAL_RCC_ClockConfig                      0x080012e9   Thumb Code   356  stm32f4xx_hal_rcc.o(.text.HAL_RCC_ClockConfig)
    HAL_RCC_GetPCLK1Freq                     0x0800144d   Thumb Code    38  stm32f4xx_hal_rcc.o(.text.HAL_RCC_GetPCLK1Freq)
    HAL_RCC_GetPCLK2Freq                     0x08001475   Thumb Code    38  stm32f4xx_hal_rcc.o(.text.HAL_RCC_GetPCLK2Freq)
    HAL_RCC_GetSysClockFreq                  0x0800149d   Thumb Code   108  stm32f4xx_hal_rcc.o(.text.HAL_RCC_GetSysClockFreq)
    HAL_RCC_OscConfig                        0x08001509   Thumb Code   940  stm32f4xx_hal_rcc.o(.text.HAL_RCC_OscConfig)
    HAL_SYSTICK_Config                       0x080018b5   Thumb Code    44  stm32f4xx_hal_cortex.o(.text.HAL_SYSTICK_Config)
    HAL_TIMEx_BreakCallback                  0x080018e1   Thumb Code     2  stm32f4xx_hal_tim_ex.o(.text.HAL_TIMEx_BreakCallback)
    HAL_TIMEx_CommutCallback                 0x080018e5   Thumb Code     2  stm32f4xx_hal_tim_ex.o(.text.HAL_TIMEx_CommutCallback)
    HAL_TIMEx_ConfigBreakDeadTime            0x080018e9   Thumb Code    76  stm32f4xx_hal_tim_ex.o(.text.HAL_TIMEx_ConfigBreakDeadTime)
    HAL_TIMEx_MasterConfigSynchronization    0x08001935   Thumb Code   186  stm32f4xx_hal_tim_ex.o(.text.HAL_TIMEx_MasterConfigSynchronization)
    HAL_TIM_Base_Init                        0x080019f1   Thumb Code    90  stm32f4xx_hal_tim.o(.text.HAL_TIM_Base_Init)
    HAL_TIM_Base_MspInit                     0x08001a4d   Thumb Code   246  tim.o(.text.HAL_TIM_Base_MspInit)
    HAL_TIM_Base_Stop_IT                     0x08001b45   Thumb Code    60  stm32f4xx_hal_tim.o(.text.HAL_TIM_Base_Stop_IT)
    HAL_TIM_ConfigClockSource                0x08001b81   Thumb Code   416  stm32f4xx_hal_tim.o(.text.HAL_TIM_ConfigClockSource)
    HAL_TIM_IC_CaptureCallback               0x08001d21   Thumb Code     2  stm32f4xx_hal_tim.o(.text.HAL_TIM_IC_CaptureCallback)
    HAL_TIM_IRQHandler                       0x08001d25   Thumb Code   334  stm32f4xx_hal_tim.o(.text.HAL_TIM_IRQHandler)
    HAL_TIM_MspPostInit                      0x08001e75   Thumb Code   324  tim.o(.text.HAL_TIM_MspPostInit)
    HAL_TIM_OC_DelayElapsedCallback          0x08001fb9   Thumb Code     2  stm32f4xx_hal_tim.o(.text.HAL_TIM_OC_DelayElapsedCallback)
    HAL_TIM_PWM_ConfigChannel                0x08001fbd   Thumb Code   544  stm32f4xx_hal_tim.o(.text.HAL_TIM_PWM_ConfigChannel)
    HAL_TIM_PWM_Init                         0x080021dd   Thumb Code    90  stm32f4xx_hal_tim.o(.text.HAL_TIM_PWM_Init)
    HAL_TIM_PWM_MspInit                      0x08002239   Thumb Code    70  tim.o(.text.HAL_TIM_PWM_MspInit)
    HAL_TIM_PWM_PulseFinishedCallback        0x08002281   Thumb Code     2  stm32f4xx_hal_tim.o(.text.HAL_TIM_PWM_PulseFinishedCallback)
    HAL_TIM_PWM_Start                        0x08002285   Thumb Code   270  stm32f4xx_hal_tim.o(.text.HAL_TIM_PWM_Start)
    HAL_TIM_PeriodElapsedCallback            0x08002399   Thumb Code   880  motor_carbase.o(.text.HAL_TIM_PeriodElapsedCallback)
    HAL_TIM_TriggerCallback                  0x08002721   Thumb Code     2  stm32f4xx_hal_tim.o(.text.HAL_TIM_TriggerCallback)
    HAL_UARTEx_RxEventCallback               0x08002725   Thumb Code     2  stm32f4xx_hal_uart.o(.text.HAL_UARTEx_RxEventCallback)
    HAL_UART_ErrorCallback                   0x08002729   Thumb Code     2  stm32f4xx_hal_uart.o(.text.HAL_UART_ErrorCallback)
    HAL_UART_IRQHandler                      0x0800272d   Thumb Code  1392  stm32f4xx_hal_uart.o(.text.HAL_UART_IRQHandler)
    HAL_UART_Init                            0x08002c9d   Thumb Code    96  stm32f4xx_hal_uart.o(.text.HAL_UART_Init)
    HAL_UART_MspInit                         0x08002cfd   Thumb Code   716  usart.o(.text.HAL_UART_MspInit)
    HAL_UART_Receive                         0x08002fc9   Thumb Code   558  stm32f4xx_hal_uart.o(.text.HAL_UART_Receive)
    HAL_UART_Receive_DMA                     0x080031f9   Thumb Code   362  stm32f4xx_hal_uart.o(.text.HAL_UART_Receive_DMA)
    HAL_UART_RxCpltCallback                  0x08003365   Thumb Code   232  usart.o(.text.HAL_UART_RxCpltCallback)
    HAL_UART_RxHalfCpltCallback              0x0800344d   Thumb Code     2  stm32f4xx_hal_uart.o(.text.HAL_UART_RxHalfCpltCallback)
    HAL_UART_Transmit                        0x08003451   Thumb Code   402  stm32f4xx_hal_uart.o(.text.HAL_UART_Transmit)
    HAL_UART_TxCpltCallback                  0x080035e5   Thumb Code     2  stm32f4xx_hal_uart.o(.text.HAL_UART_TxCpltCallback)
    HardFault_Handler                        0x080035e9   Thumb Code     2  stm32f4xx_it.o(.text.HardFault_Handler)
    LED_ONOFF                                0x080035ed   Thumb Code   298  main.o(.text.LED_ONOFF)
    MOTOR_SendMultipleStart                  0x08003719   Thumb Code    24  usart.o(.text.MOTOR_SendMultipleStart)
    MOTOR_Stop                               0x08003731   Thumb Code    24  usart.o(.text.MOTOR_Stop)
    MX_DMA_Init                              0x08003749   Thumb Code   124  dma.o(.text.MX_DMA_Init)
    MX_GPIO_Init                             0x080037c5   Thumb Code   300  gpio.o(.text.MX_GPIO_Init)
    MX_I2C1_Init                             0x080038f1   Thumb Code    66  i2c.o(.text.MX_I2C1_Init)
    MX_TIM10_Init                            0x08003935   Thumb Code    54  tim.o(.text.MX_TIM10_Init)
    MX_TIM1_Init                             0x0800396d   Thumb Code   280  tim.o(.text.MX_TIM1_Init)
    MX_TIM2_Init                             0x08003a85   Thumb Code   204  tim.o(.text.MX_TIM2_Init)
    MX_TIM3_Init                             0x08003b51   Thumb Code   206  tim.o(.text.MX_TIM3_Init)
    MX_TIM4_Init                             0x08003c21   Thumb Code   208  tim.o(.text.MX_TIM4_Init)
    MX_TIM5_Init                             0x08003cf1   Thumb Code   204  tim.o(.text.MX_TIM5_Init)
    MX_UART4_Init                            0x08003dbd   Thumb Code    80  usart.o(.text.MX_UART4_Init)
    MX_UART5_Init                            0x08003e0d   Thumb Code    84  usart.o(.text.MX_UART5_Init)
    MX_USART1_UART_Init                      0x08003e61   Thumb Code    60  usart.o(.text.MX_USART1_UART_Init)
    MemManage_Handler                        0x08003e9d   Thumb Code     2  stm32f4xx_it.o(.text.MemManage_Handler)
    Motor_SpeedControl_UART                  0x08003ea1   Thumb Code    86  usart.o(.text.Motor_SpeedControl_UART)
    NMI_Handler                              0x08003ef9   Thumb Code     2  stm32f4xx_it.o(.text.NMI_Handler)
    OLED_Clear                               0x08003efd   Thumb Code   146  oled.o(.text.OLED_Clear)
    OLED_I2C_SendByte                        0x08003f91   Thumb Code   292  oled.o(.text.OLED_I2C_SendByte)
    OLED_Init                                0x080040b5   Thumb Code   176  oled.o(.text.OLED_Init)
    OLED_WriteCommand                        0x08004165   Thumb Code   104  oled.o(.text.OLED_WriteCommand)
    PendSV_Handler                           0x080041cd   Thumb Code     2  stm32f4xx_it.o(.text.PendSV_Handler)
    ROBOTICArm_Coordinate_Calculation        0x080041d1   Thumb Code   616  robotic_arm.o(.text.ROBOTICArm_Coordinate_Calculation)
    ROBOTICArm_DirectlyMove                  0x08004495   Thumb Code    98  robotic_arm.o(.text.ROBOTICArm_DirectlyMove)
    ROBOTICArm_initialize                    0x080044f9   Thumb Code   104  robotic_arm.o(.text.ROBOTICArm_initialize)
    ROBOTICArm_linearInterpolationAlgorithm  0x08004561   Thumb Code   432  robotic_arm.o(.text.ROBOTICArm_linearInterpolationAlgorithm)
    Raw_Material                             0x08004715   Thumb Code  1000  main.o(.text.Raw_Material)
    SERVO_AngleSet                           0x08004b11   Thumb Code    84  tim.o(.text.SERVO_AngleSet)
    SERVO_ClawSet                            0x08004b79   Thumb Code    68  tim.o(.text.SERVO_ClawSet)
    SVC_Handler                              0x08004bd5   Thumb Code     2  stm32f4xx_it.o(.text.SVC_Handler)
    Send_MissionPack                         0x08004bd9   Thumb Code    34  usart.o(.text.Send_MissionPack)
    SysTick_Handler                          0x08004bfd   Thumb Code     4  stm32f4xx_it.o(.text.SysTick_Handler)
    SystemClock_Config                       0x08004c01   Thumb Code   168  main.o(.text.SystemClock_Config)
    SystemInit                               0x08004ca9   Thumb Code    18  system_stm32f4xx.o(.text.SystemInit)
    TIM1_UP_TIM10_IRQHandler                 0x08004cbd   Thumb Code    30  stm32f4xx_it.o(.text.TIM1_UP_TIM10_IRQHandler)
    TIM_Base_SetConfig                       0x08004cdd   Thumb Code   324  stm32f4xx_hal_tim.o(.text.TIM_Base_SetConfig)
    UART4_IRQHandler                         0x08004e21   Thumb Code    12  stm32f4xx_it.o(.text.UART4_IRQHandler)
    UART5_IRQHandler                         0x08004e2d   Thumb Code    12  stm32f4xx_it.o(.text.UART5_IRQHandler)
    UsageFault_Handler                       0x08005321   Thumb Code     2  stm32f4xx_it.o(.text.UsageFault_Handler)
    main                                     0x08005325   Thumb Code   218  main.o(.text.main)
    __ARM_fpclassify                         0x080053ff   Thumb Code    48  fpclassify.o(i.__ARM_fpclassify)
    __hardfp_acos                            0x08005431   Thumb Code   738  acos.o(i.__hardfp_acos)
    __hardfp_atan                            0x08005789   Thumb Code   622  atan.o(i.__hardfp_atan)
    __kernel_poly                            0x08005a61   Thumb Code   248  poly.o(i.__kernel_poly)
    __mathlib_dbl_infnan                     0x08005b59   Thumb Code    20  dunder.o(i.__mathlib_dbl_infnan)
    __mathlib_dbl_invalid                    0x08005b71   Thumb Code    24  dunder.o(i.__mathlib_dbl_invalid)
    __mathlib_dbl_underflow                  0x08005b91   Thumb Code    24  dunder.o(i.__mathlib_dbl_underflow)
    __scatterload_copy                       0x08005bb1   Thumb Code    14  handlers.o(i.__scatterload_copy)
    __scatterload_null                       0x08005bbf   Thumb Code     2  handlers.o(i.__scatterload_null)
    __scatterload_zeroinit                   0x08005bc1   Thumb Code    14  handlers.o(i.__scatterload_zeroinit)
    __set_errno                              0x08005bd1   Thumb Code     6  errno.o(i.__set_errno)
    fabs                                     0x08005bdd   Thumb Code    24  fabs.o(i.fabs)
    sqrt                                     0x08005bf5   Thumb Code   110  sqrt.o(i.sqrt)
    AHBPrescTable                            0x08005d50   Data          16  system_stm32f4xx.o(.rodata.AHBPrescTable)
    APBPrescTable                            0x08005d60   Data           8  system_stm32f4xx.o(.rodata.APBPrescTable)
    Blue_Warehouse                           0x08005d68   Data          16  robotic_arm.o(.rodata.Blue_Warehouse)
    Green_Warehouse                          0x08005d78   Data          16  robotic_arm.o(.rodata.Green_Warehouse)
    MOTOR_SendMultipleStart_ARRAY            0x08005d88   Data           4  usart.o(.rodata.MOTOR_SendMultipleStart_ARRAY)
    Raw_Material_ClawFront                   0x08005d8c   Data          16  robotic_arm.o(.rodata.Raw_Material_ClawFront)
    Raw_Material_ClawRight                   0x08005d9c   Data          16  robotic_arm.o(.rodata.Raw_Material_ClawRight)
    Raw_Material_Scanning                    0x08005dac   Data          16  robotic_arm.o(.rodata.Raw_Material_Scanning)
    Red_Warehouse                            0x08005dbc   Data          16  robotic_arm.o(.rodata.Red_Warehouse)
    Relay_point                              0x08005dcc   Data          16  robotic_arm.o(.rodata.Relay_point)
    Region$$Table$$Base                      0x08005de4   Number         0  anon$$obj.o(Region$$Table)
    Region$$Table$$Limit                     0x08005e04   Number         0  anon$$obj.o(Region$$Table)
    Initial_state                            0x20000004   Data          16  robotic_arm.o(.data..L_MergedGlobals)
    Past_state                               0x20000014   Data          16  robotic_arm.o(.data..L_MergedGlobals)
    Current_state                            0x20000024   Data          16  robotic_arm.o(.data..L_MergedGlobals)
    Final_state                              0x20000034   Data          16  robotic_arm.o(.data..L_MergedGlobals)
    uwTickFreq                               0x20000044   Data           1  stm32f4xx_hal.o(.data..L_MergedGlobals)
    uwTickPrio                               0x20000048   Data           4  stm32f4xx_hal.o(.data..L_MergedGlobals)
    MOTOR_UARTPACK_SpeedControl              0x2000004c   Data           8  usart.o(.data.MOTOR_UARTPACK_SpeedControl)
    MOTOR_UARTPACK_StopControl               0x20000054   Data           5  usart.o(.data.MOTOR_UARTPACK_StopControl)
    Mission_Order                            0x20000059   Data           6  main.o(.data.Mission_Order)
    Mission_Pack                             0x2000005f   Data           4  usart.o(.data.Mission_Pack)
    SystemCoreClock                          0x20000064   Data           4  system_stm32f4xx.o(.data.SystemCoreClock)
    Turban2_Index                            0x20000068   Data           1  usart.o(.data.Turban2_Index)
    rk3588_Arry                              0x20000069   Data           9  usart.o(.data.rk3588_Arry)
    NotUp_To_MaxSpeed_FlagX                  0x20000078   Data           1  motor_carbase.o(.bss..L_MergedGlobals)
    NotUp_To_MaxSpeed_FlagY                  0x20000079   Data           1  motor_carbase.o(.bss..L_MergedGlobals)
    If_Motor_Busy                            0x2000007a   Data           1  motor_carbase.o(.bss..L_MergedGlobals)
    Motor1_Direction                         0x2000007b   Data           1  motor_carbase.o(.bss..L_MergedGlobals)
    Motor2_Direction                         0x2000007c   Data           1  motor_carbase.o(.bss..L_MergedGlobals)
    Motor3_Direction                         0x2000007d   Data           1  motor_carbase.o(.bss..L_MergedGlobals)
    Motor4_Direction                         0x2000007e   Data           1  motor_carbase.o(.bss..L_MergedGlobals)
    OverAll_PostureX                         0x2000007f   Data           1  motor_carbase.o(.bss..L_MergedGlobals)
    OverAll_PostureY                         0x20000080   Data           1  motor_carbase.o(.bss..L_MergedGlobals)
    StartEnd_CostCNTX                        0x20000084   Data           4  motor_carbase.o(.bss..L_MergedGlobals)
    StartEnd_CostCNTY                        0x20000088   Data           4  motor_carbase.o(.bss..L_MergedGlobals)
    SpeedHold_CNTX                           0x2000008c   Data           4  motor_carbase.o(.bss..L_MergedGlobals)
    SpeedHold_CNTY                           0x20000090   Data           4  motor_carbase.o(.bss..L_MergedGlobals)
    TIM_CNT                                  0x20000094   Data           4  motor_carbase.o(.bss..L_MergedGlobals)
    Total_CNTX                               0x20000098   Data           4  motor_carbase.o(.bss..L_MergedGlobals)
    Total_CNTY                               0x2000009c   Data           4  motor_carbase.o(.bss..L_MergedGlobals)
    Key_CNT                                  0x200000a0   Data           4  motor_carbase.o(.bss..L_MergedGlobals)
    Maxium_Speed_ActualX                     0x200000a4   Data           4  motor_carbase.o(.bss..L_MergedGlobals)
    Maxium_Speed_ActualY                     0x200000a8   Data           4  motor_carbase.o(.bss..L_MergedGlobals)
    Motor1_Speed                             0x200000ac   Data           4  motor_carbase.o(.bss..L_MergedGlobals)
    Motor2_Speed                             0x200000b0   Data           4  motor_carbase.o(.bss..L_MergedGlobals)
    Motor3_Speed                             0x200000b4   Data           4  motor_carbase.o(.bss..L_MergedGlobals)
    Motor4_Speed                             0x200000b8   Data           4  motor_carbase.o(.bss..L_MergedGlobals)
    Motor1_PIDSpeed                          0x200000bc   Data           4  motor_carbase.o(.bss..L_MergedGlobals)
    Motor2_PIDSpeed                          0x200000c0   Data           4  motor_carbase.o(.bss..L_MergedGlobals)
    Motor3_PIDSpeed                          0x200000c4   Data           4  motor_carbase.o(.bss..L_MergedGlobals)
    Motor4_PIDSpeed                          0x200000c8   Data           4  motor_carbase.o(.bss..L_MergedGlobals)
    Motor1_SpeedX                            0x200000cc   Data           4  motor_carbase.o(.bss..L_MergedGlobals)
    Motor2_SpeedX                            0x200000d0   Data           4  motor_carbase.o(.bss..L_MergedGlobals)
    Motor3_SpeedX                            0x200000d4   Data           4  motor_carbase.o(.bss..L_MergedGlobals)
    Motor4_SpeedX                            0x200000d8   Data           4  motor_carbase.o(.bss..L_MergedGlobals)
    Motor1_SpeedY                            0x200000dc   Data           4  motor_carbase.o(.bss..L_MergedGlobals)
    Motor2_SpeedY                            0x200000e0   Data           4  motor_carbase.o(.bss..L_MergedGlobals)
    Motor3_SpeedY                            0x200000e4   Data           4  motor_carbase.o(.bss..L_MergedGlobals)
    Motor4_SpeedY                            0x200000e8   Data           4  motor_carbase.o(.bss..L_MergedGlobals)
    SpeedControl_ReceivePACK                 0x200000ec   Data           4  usart.o(.bss..L_MergedGlobals)
    PositionControl_ReceivePACK              0x200000f0   Data           4  usart.o(.bss..L_MergedGlobals)
    Target_angle                             0x200000f4   Data           4  usart.o(.bss..L_MergedGlobals)
    angle                                    0x200000f8   Data           4  usart.o(.bss..L_MergedGlobals)
    prev_angle                               0x200000fc   Data           4  usart.o(.bss..L_MergedGlobals)
    Err_Angle                                0x20000100   Data           4  usart.o(.bss..L_MergedGlobals)
    Err_Angle_Past                           0x20000104   Data           4  usart.o(.bss..L_MergedGlobals)
    Raw_angle                                0x20000108   Data           4  usart.o(.bss..L_MergedGlobals)
    HWT101_OringalData                       0x2000010c   Data          11  usart.o(.bss..L_MergedGlobals)
    Gyroscopes_ARRAY                         0x20000117   Data          11  usart.o(.bss..L_MergedGlobals)
    hdma_uart4_rx                            0x2000013c   Data          96  usart.o(.bss.hdma_uart4_rx)
    hdma_uart5_rx                            0x2000019c   Data          96  usart.o(.bss.hdma_uart5_rx)
    hdma_usart1_rx                           0x200001fc   Data          96  usart.o(.bss.hdma_usart1_rx)
    hdma_usart1_tx                           0x2000025c   Data          96  usart.o(.bss.hdma_usart1_tx)
    hi2c1                                    0x200002bc   Data          84  i2c.o(.bss.hi2c1)
    htim1                                    0x20000310   Data          72  tim.o(.bss.htim1)
    htim10                                   0x20000358   Data          72  tim.o(.bss.htim10)
    htim2                                    0x200003a0   Data          72  tim.o(.bss.htim2)
    htim3                                    0x200003e8   Data          72  tim.o(.bss.htim3)
    htim4                                    0x20000430   Data          72  tim.o(.bss.htim4)
    htim5                                    0x20000478   Data          72  tim.o(.bss.htim5)
    huart1                                   0x200004c0   Data          72  usart.o(.bss.huart1)
    huart4                                   0x20000508   Data          72  usart.o(.bss.huart4)
    huart5                                   0x20000550   Data          72  usart.o(.bss.huart5)
    uwTick                                   0x20000598   Data           4  stm32f4xx_hal.o(.bss.uwTick)
    __initial_sp                             0x200015a0   Data           0  startup_stm32f407xx.o(STACK)



==============================================================================

Memory Map of the image

  Image Entry point : 0x08000189

  Load Region LR_IROM1 (Base: 0x08000000, Size: 0x00005e80, Max: 0x00080000, ABSOLUTE)

    Execution Region ER_IROM1 (Exec base: 0x08000000, Load base: 0x08000000, Size: 0x00005e04, Max: 0x00080000, ABSOLUTE)

    Exec Addr    Load Addr    Size         Type   Attr      Idx    E Section Name        Object

    0x08000000   0x08000000   0x00000188   Data   RO            3    RESET               startup_stm32f407xx.o
    0x08000188   0x08000188   0x00000000   Code   RO         1316  * .ARM.Collect$$$$00000000  mc_w.l(entry.o)
    0x08000188   0x08000188   0x00000004   Code   RO         1369    .ARM.Collect$$$$00000001  mc_w.l(entry2.o)
    0x0800018c   0x0800018c   0x00000004   Code   RO         1372    .ARM.Collect$$$$00000004  mc_w.l(entry5.o)
    0x08000190   0x08000190   0x00000000   Code   RO         1374    .ARM.Collect$$$$00000008  mc_w.l(entry7b.o)
    0x08000190   0x08000190   0x00000000   Code   RO         1376    .ARM.Collect$$$$0000000A  mc_w.l(entry8b.o)
    0x08000190   0x08000190   0x00000008   Code   RO         1377    .ARM.Collect$$$$0000000B  mc_w.l(entry9a.o)
    0x08000198   0x08000198   0x00000000   Code   RO         1379    .ARM.Collect$$$$0000000D  mc_w.l(entry10a.o)
    0x08000198   0x08000198   0x00000000   Code   RO         1381    .ARM.Collect$$$$0000000F  mc_w.l(entry11a.o)
    0x08000198   0x08000198   0x00000004   Code   RO         1370    .ARM.Collect$$$$00002712  mc_w.l(entry2.o)
    0x0800019c   0x0800019c   0x00000024   Code   RO            4    .text               startup_stm32f407xx.o
    0x080001c0   0x080001c0   0x00000062   Code   RO         1319    .text               mc_w.l(uldiv.o)
    0x08000222   0x08000222   0x00000024   Code   RO         1321    .text               mc_w.l(memseta.o)
    0x08000246   0x08000246   0x0000014e   Code   RO         1323    .text               mf_w.l(dadd.o)
    0x08000394   0x08000394   0x000000e4   Code   RO         1325    .text               mf_w.l(dmul.o)
    0x08000478   0x08000478   0x000000de   Code   RO         1327    .text               mf_w.l(ddiv.o)
    0x08000556   0x08000556   0x00000032   Code   RO         1331    .text               mf_w.l(dfixui.o)
    0x08000588   0x08000588   0x00000026   Code   RO         1335    .text               mf_w.l(f2d.o)
    0x080005ae   0x080005ae   0x00000038   Code   RO         1337    .text               mf_w.l(d2f.o)
    0x080005e6   0x080005e6   0x0000001e   Code   RO         1383    .text               mc_w.l(llshl.o)
    0x08000604   0x08000604   0x00000020   Code   RO         1385    .text               mc_w.l(llushr.o)
    0x08000624   0x08000624   0x00000024   Code   RO         1387    .text               mc_w.l(llsshr.o)
    0x08000648   0x08000648   0x00000000   Code   RO         1396    .text               mc_w.l(iusefp.o)
    0x08000648   0x08000648   0x0000006e   Code   RO         1397    .text               mf_w.l(fepilogue.o)
    0x080006b6   0x080006b6   0x000000ba   Code   RO         1399    .text               mf_w.l(depilogue.o)
    0x08000770   0x08000770   0x00000030   Code   RO         1403    .text               mc_w.l(init.o)
    0x080007a0   0x080007a0   0x000000a2   Code   RO         1405    .text               mf_w.l(dsqrt.o)
    0x08000842   0x08000842   0x00000002   PAD
    0x08000844   0x08000844   0x00000002   Code   RO          241    .text.BusFault_Handler  stm32f4xx_it.o
    0x08000846   0x08000846   0x00000002   PAD
    0x08000848   0x08000848   0x0000000c   Code   RO          253    .text.DMA1_Stream0_IRQHandler  stm32f4xx_it.o
    0x08000854   0x08000854   0x0000000c   Code   RO          255    .text.DMA1_Stream2_IRQHandler  stm32f4xx_it.o
    0x08000860   0x08000860   0x0000000c   Code   RO          263    .text.DMA2_Stream2_IRQHandler  stm32f4xx_it.o
    0x0800086c   0x0800086c   0x0000000c   Code   RO          265    .text.DMA2_Stream7_IRQHandler  stm32f4xx_it.o
    0x08000878   0x08000878   0x00000002   Code   RO          247    .text.DebugMon_Handler  stm32f4xx_it.o
    0x0800087a   0x0800087a   0x00000002   PAD
    0x0800087c   0x0800087c   0x00000006   Code   RO           88    .text.Error_Handler  main.o
    0x08000882   0x08000882   0x00000002   PAD
    0x08000884   0x08000884   0x000000bc   Code   RO          207    .text.Gyroscopes_ARRAY_Handle  usart.o
    0x08000940   0x08000940   0x0000008e   Code   RO          618    .text.HAL_DMA_Abort  stm32f4xx_hal_dma.o
    0x080009ce   0x080009ce   0x00000002   PAD
    0x080009d0   0x080009d0   0x00000024   Code   RO          620    .text.HAL_DMA_Abort_IT  stm32f4xx_hal_dma.o
    0x080009f4   0x080009f4   0x000001c4   Code   RO          624    .text.HAL_DMA_IRQHandler  stm32f4xx_hal_dma.o
    0x08000bb8   0x08000bb8   0x00000162   Code   RO          610    .text.HAL_DMA_Init  stm32f4xx_hal_dma.o
    0x08000d1a   0x08000d1a   0x00000002   PAD
    0x08000d1c   0x08000d1c   0x000000a2   Code   RO          616    .text.HAL_DMA_Start_IT  stm32f4xx_hal_dma.o
    0x08000dbe   0x08000dbe   0x00000002   PAD
    0x08000dc0   0x08000dc0   0x00000028   Code   RO          777    .text.HAL_Delay     stm32f4xx_hal.o
    0x08000de8   0x08000de8   0x0000019e   Code   RO          572    .text.HAL_GPIO_Init  stm32f4xx_hal_gpio.o
    0x08000f86   0x08000f86   0x00000002   PAD
    0x08000f88   0x08000f88   0x0000000a   Code   RO          578    .text.HAL_GPIO_WritePin  stm32f4xx_hal_gpio.o
    0x08000f92   0x08000f92   0x00000002   PAD
    0x08000f94   0x08000f94   0x0000000c   Code   RO          769    .text.HAL_GetTick   stm32f4xx_hal.o
    0x08000fa0   0x08000fa0   0x00000164   Code   RO          323    .text.HAL_I2C_Init  stm32f4xx_hal_i2c.o
    0x08001104   0x08001104   0x00000074   Code   RO          126    .text.HAL_I2C_MspInit  i2c.o
    0x08001178   0x08001178   0x0000001a   Code   RO          767    .text.HAL_IncTick   stm32f4xx_hal.o
    0x08001192   0x08001192   0x00000002   PAD
    0x08001194   0x08001194   0x00000036   Code   RO          757    .text.HAL_Init      stm32f4xx_hal.o
    0x080011ca   0x080011ca   0x00000002   PAD
    0x080011cc   0x080011cc   0x00000048   Code   RO          759    .text.HAL_InitTick  stm32f4xx_hal.o
    0x08001214   0x08001214   0x00000038   Code   RO          274    .text.HAL_MspInit   stm32f4xx_hal_msp.o
    0x0800124c   0x0800124c   0x00000022   Code   RO          709    .text.HAL_NVIC_EnableIRQ  stm32f4xx_hal_cortex.o
    0x0800126e   0x0800126e   0x00000002   PAD
    0x08001270   0x08001270   0x00000056   Code   RO          707    .text.HAL_NVIC_SetPriority  stm32f4xx_hal_cortex.o
    0x080012c6   0x080012c6   0x00000002   PAD
    0x080012c8   0x080012c8   0x00000020   Code   RO          705    .text.HAL_NVIC_SetPriorityGrouping  stm32f4xx_hal_cortex.o
    0x080012e8   0x080012e8   0x00000164   Code   RO          466    .text.HAL_RCC_ClockConfig  stm32f4xx_hal_rcc.o
    0x0800144c   0x0800144c   0x00000026   Code   RO          478    .text.HAL_RCC_GetPCLK1Freq  stm32f4xx_hal_rcc.o
    0x08001472   0x08001472   0x00000002   PAD
    0x08001474   0x08001474   0x00000026   Code   RO          480    .text.HAL_RCC_GetPCLK2Freq  stm32f4xx_hal_rcc.o
    0x0800149a   0x0800149a   0x00000002   PAD
    0x0800149c   0x0800149c   0x0000006c   Code   RO          468    .text.HAL_RCC_GetSysClockFreq  stm32f4xx_hal_rcc.o
    0x08001508   0x08001508   0x000003ac   Code   RO          464    .text.HAL_RCC_OscConfig  stm32f4xx_hal_rcc.o
    0x080018b4   0x080018b4   0x0000002c   Code   RO          717    .text.HAL_SYSTICK_Config  stm32f4xx_hal_cortex.o
    0x080018e0   0x080018e0   0x00000002   Code   RO         1152    .text.HAL_TIMEx_BreakCallback  stm32f4xx_hal_tim_ex.o
    0x080018e2   0x080018e2   0x00000002   PAD
    0x080018e4   0x080018e4   0x00000002   Code   RO         1148    .text.HAL_TIMEx_CommutCallback  stm32f4xx_hal_tim_ex.o
    0x080018e6   0x080018e6   0x00000002   PAD
    0x080018e8   0x080018e8   0x0000004c   Code   RO         1144    .text.HAL_TIMEx_ConfigBreakDeadTime  stm32f4xx_hal_tim_ex.o
    0x08001934   0x08001934   0x000000ba   Code   RO         1142    .text.HAL_TIMEx_MasterConfigSynchronization  stm32f4xx_hal_tim_ex.o
    0x080019ee   0x080019ee   0x00000002   PAD
    0x080019f0   0x080019f0   0x0000005a   Code   RO          847    .text.HAL_TIM_Base_Init  stm32f4xx_hal_tim.o
    0x08001a4a   0x08001a4a   0x00000002   PAD
    0x08001a4c   0x08001a4c   0x000000f6   Code   RO          155    .text.HAL_TIM_Base_MspInit  tim.o
    0x08001b42   0x08001b42   0x00000002   PAD
    0x08001b44   0x08001b44   0x0000003c   Code   RO          863    .text.HAL_TIM_Base_Stop_IT  stm32f4xx_hal_tim.o
    0x08001b80   0x08001b80   0x000001a0   Code   RO         1027    .text.HAL_TIM_ConfigClockSource  stm32f4xx_hal_tim.o
    0x08001d20   0x08001d20   0x00000002   Code   RO          983    .text.HAL_TIM_IC_CaptureCallback  stm32f4xx_hal_tim.o
    0x08001d22   0x08001d22   0x00000002   PAD
    0x08001d24   0x08001d24   0x0000014e   Code   RO          981    .text.HAL_TIM_IRQHandler  stm32f4xx_hal_tim.o
    0x08001e72   0x08001e72   0x00000002   PAD
    0x08001e74   0x08001e74   0x00000144   Code   RO          141    .text.HAL_TIM_MspPostInit  tim.o
    0x08001fb8   0x08001fb8   0x00000002   Code   RO          985    .text.HAL_TIM_OC_DelayElapsedCallback  stm32f4xx_hal_tim.o
    0x08001fba   0x08001fba   0x00000002   PAD
    0x08001fbc   0x08001fbc   0x00000220   Code   RO         1001    .text.HAL_TIM_PWM_ConfigChannel  stm32f4xx_hal_tim.o
    0x080021dc   0x080021dc   0x0000005a   Code   RO          901    .text.HAL_TIM_PWM_Init  stm32f4xx_hal_tim.o
    0x08002236   0x08002236   0x00000002   PAD
    0x08002238   0x08002238   0x00000046   Code   RO          153    .text.HAL_TIM_PWM_MspInit  tim.o
    0x0800227e   0x0800227e   0x00000002   PAD
    0x08002280   0x08002280   0x00000002   Code   RO          987    .text.HAL_TIM_PWM_PulseFinishedCallback  stm32f4xx_hal_tim.o
    0x08002282   0x08002282   0x00000002   PAD
    0x08002284   0x08002284   0x0000010e   Code   RO          909    .text.HAL_TIM_PWM_Start  stm32f4xx_hal_tim.o
    0x08002392   0x08002392   0x00000006   PAD
    0x08002398   0x08002398   0x00000388   Code   RO           19    .text.HAL_TIM_PeriodElapsedCallback  motor_carbase.o
    0x08002720   0x08002720   0x00000002   Code   RO          991    .text.HAL_TIM_TriggerCallback  stm32f4xx_hal_tim.o
    0x08002722   0x08002722   0x00000002   PAD
    0x08002724   0x08002724   0x00000002   Code   RO         1252    .text.HAL_UARTEx_RxEventCallback  stm32f4xx_hal_uart.o
    0x08002726   0x08002726   0x00000002   PAD
    0x08002728   0x08002728   0x00000002   Code   RO         1250    .text.HAL_UART_ErrorCallback  stm32f4xx_hal_uart.o
    0x0800272a   0x0800272a   0x00000002   PAD
    0x0800272c   0x0800272c   0x00000570   Code   RO         1244    .text.HAL_UART_IRQHandler  stm32f4xx_hal_uart.o
    0x08002c9c   0x08002c9c   0x00000060   Code   RO         1166    .text.HAL_UART_Init  stm32f4xx_hal_uart.o
    0x08002cfc   0x08002cfc   0x000002cc   Code   RO          185    .text.HAL_UART_MspInit  usart.o
    0x08002fc8   0x08002fc8   0x0000022e   Code   RO         1184    .text.HAL_UART_Receive  stm32f4xx_hal_uart.o
    0x080031f6   0x080031f6   0x00000002   PAD
    0x080031f8   0x080031f8   0x0000016a   Code   RO         1200    .text.HAL_UART_Receive_DMA  stm32f4xx_hal_uart.o
    0x08003362   0x08003362   0x00000002   PAD
    0x08003364   0x08003364   0x000000e8   Code   RO          205    .text.HAL_UART_RxCpltCallback  usart.o
    0x0800344c   0x0800344c   0x00000002   Code   RO         1260    .text.HAL_UART_RxHalfCpltCallback  stm32f4xx_hal_uart.o
    0x0800344e   0x0800344e   0x00000002   PAD
    0x08003450   0x08003450   0x00000192   Code   RO         1182    .text.HAL_UART_Transmit  stm32f4xx_hal_uart.o
    0x080035e2   0x080035e2   0x00000002   PAD
    0x080035e4   0x080035e4   0x00000002   Code   RO         1254    .text.HAL_UART_TxCpltCallback  stm32f4xx_hal_uart.o
    0x080035e6   0x080035e6   0x00000002   PAD
    0x080035e8   0x080035e8   0x00000002   Code   RO          237    .text.HardFault_Handler  stm32f4xx_it.o
    0x080035ea   0x080035ea   0x00000002   PAD
    0x080035ec   0x080035ec   0x0000012a   Code   RO           82    .text.LED_ONOFF     main.o
    0x08003716   0x08003716   0x00000002   PAD
    0x08003718   0x08003718   0x00000018   Code   RO          199    .text.MOTOR_SendMultipleStart  usart.o
    0x08003730   0x08003730   0x00000018   Code   RO          201    .text.MOTOR_Stop    usart.o
    0x08003748   0x08003748   0x0000007c   Code   RO          115    .text.MX_DMA_Init   dma.o
    0x080037c4   0x080037c4   0x0000012c   Code   RO          106    .text.MX_GPIO_Init  gpio.o
    0x080038f0   0x080038f0   0x00000042   Code   RO          124    .text.MX_I2C1_Init  i2c.o
    0x08003932   0x08003932   0x00000002   PAD
    0x08003934   0x08003934   0x00000036   Code   RO          151    .text.MX_TIM10_Init  tim.o
    0x0800396a   0x0800396a   0x00000002   PAD
    0x0800396c   0x0800396c   0x00000118   Code   RO          139    .text.MX_TIM1_Init  tim.o
    0x08003a84   0x08003a84   0x000000cc   Code   RO          143    .text.MX_TIM2_Init  tim.o
    0x08003b50   0x08003b50   0x000000ce   Code   RO          145    .text.MX_TIM3_Init  tim.o
    0x08003c1e   0x08003c1e   0x00000002   PAD
    0x08003c20   0x08003c20   0x000000d0   Code   RO          147    .text.MX_TIM4_Init  tim.o
    0x08003cf0   0x08003cf0   0x000000cc   Code   RO          149    .text.MX_TIM5_Init  tim.o
    0x08003dbc   0x08003dbc   0x00000050   Code   RO          179    .text.MX_UART4_Init  usart.o
    0x08003e0c   0x08003e0c   0x00000054   Code   RO          181    .text.MX_UART5_Init  usart.o
    0x08003e60   0x08003e60   0x0000003c   Code   RO          183    .text.MX_USART1_UART_Init  usart.o
    0x08003e9c   0x08003e9c   0x00000002   Code   RO          239    .text.MemManage_Handler  stm32f4xx_it.o
    0x08003e9e   0x08003e9e   0x00000002   PAD
    0x08003ea0   0x08003ea0   0x00000056   Code   RO          195    .text.Motor_SpeedControl_UART  usart.o
    0x08003ef6   0x08003ef6   0x00000002   PAD
    0x08003ef8   0x08003ef8   0x00000002   Code   RO          235    .text.NMI_Handler   stm32f4xx_it.o
    0x08003efa   0x08003efa   0x00000002   PAD
    0x08003efc   0x08003efc   0x00000092   Code   RO          296    .text.OLED_Clear    oled.o
    0x08003f8e   0x08003f8e   0x00000002   PAD
    0x08003f90   0x08003f90   0x00000124   Code   RO          288    .text.OLED_I2C_SendByte  oled.o
    0x080040b4   0x080040b4   0x000000b0   Code   RO          312    .text.OLED_Init     oled.o
    0x08004164   0x08004164   0x00000068   Code   RO          290    .text.OLED_WriteCommand  oled.o
    0x080041cc   0x080041cc   0x00000002   Code   RO          249    .text.PendSV_Handler  stm32f4xx_it.o
    0x080041ce   0x080041ce   0x00000002   PAD
    0x080041d0   0x080041d0   0x000002c4   Code   RO           36    .text.ROBOTICArm_Coordinate_Calculation  robotic_arm.o
    0x08004494   0x08004494   0x00000062   Code   RO           44    .text.ROBOTICArm_DirectlyMove  robotic_arm.o
    0x080044f6   0x080044f6   0x00000002   PAD
    0x080044f8   0x080044f8   0x00000068   Code   RO           38    .text.ROBOTICArm_initialize  robotic_arm.o
    0x08004560   0x08004560   0x000001b4   Code   RO           42    .text.ROBOTICArm_linearInterpolationAlgorithm  robotic_arm.o
    0x08004714   0x08004714   0x000003fc   Code   RO           84    .text.Raw_Material  main.o
    0x08004b10   0x08004b10   0x00000068   Code   RO          161    .text.SERVO_AngleSet  tim.o
    0x08004b78   0x08004b78   0x0000005c   Code   RO          163    .text.SERVO_ClawSet  tim.o
    0x08004bd4   0x08004bd4   0x00000002   Code   RO          245    .text.SVC_Handler   stm32f4xx_it.o
    0x08004bd6   0x08004bd6   0x00000002   PAD
    0x08004bd8   0x08004bd8   0x00000022   Code   RO          203    .text.Send_MissionPack  usart.o
    0x08004bfa   0x08004bfa   0x00000002   PAD
    0x08004bfc   0x08004bfc   0x00000004   Code   RO          251    .text.SysTick_Handler  stm32f4xx_it.o
    0x08004c00   0x08004c00   0x000000a8   Code   RO           80    .text.SystemClock_Config  main.o
    0x08004ca8   0x08004ca8   0x00000012   Code   RO         1288    .text.SystemInit    system_stm32f4xx.o
    0x08004cba   0x08004cba   0x00000002   PAD
    0x08004cbc   0x08004cbc   0x0000001e   Code   RO          257    .text.TIM1_UP_TIM10_IRQHandler  stm32f4xx_it.o
    0x08004cda   0x08004cda   0x00000002   PAD
    0x08004cdc   0x08004cdc   0x00000144   Code   RO          851    .text.TIM_Base_SetConfig  stm32f4xx_hal_tim.o
    0x08004e20   0x08004e20   0x0000000c   Code   RO          259    .text.UART4_IRQHandler  stm32f4xx_it.o
    0x08004e2c   0x08004e2c   0x0000000c   Code   RO          261    .text.UART5_IRQHandler  stm32f4xx_it.o
    0x08004e38   0x08004e38   0x0000000c   Code   RO         1248    .text.UART_DMAAbortOnError  stm32f4xx_hal_uart.o
    0x08004e44   0x08004e44   0x0000017c   Code   RO         1198    .text.UART_DMAError  stm32f4xx_hal_uart.o
    0x08004fc0   0x08004fc0   0x0000015e   Code   RO         1276    .text.UART_DMAReceiveCplt  stm32f4xx_hal_uart.o
    0x0800511e   0x0800511e   0x00000002   PAD
    0x08005120   0x08005120   0x00000018   Code   RO         1278    .text.UART_DMARxHalfCplt  stm32f4xx_hal_uart.o
    0x08005138   0x08005138   0x000000fe   Code   RO         1246    .text.UART_Receive_IT  stm32f4xx_hal_uart.o
    0x08005236   0x08005236   0x00000002   PAD
    0x08005238   0x08005238   0x000000e6   Code   RO         1170    .text.UART_SetConfig  stm32f4xx_hal_uart.o
    0x0800531e   0x0800531e   0x00000002   PAD
    0x08005320   0x08005320   0x00000002   Code   RO          243    .text.UsageFault_Handler  stm32f4xx_it.o
    0x08005322   0x08005322   0x00000002   PAD
    0x08005324   0x08005324   0x000000da   Code   RO           78    .text.main          main.o
    0x080053fe   0x080053fe   0x00000030   Code   RO         1359    i.__ARM_fpclassify  m_wm.l(fpclassify.o)
    0x0800542e   0x0800542e   0x00000002   PAD
    0x08005430   0x08005430   0x00000358   Code   RO         1302    i.__hardfp_acos     m_wm.l(acos.o)
    0x08005788   0x08005788   0x000002d8   Code   RO         1309    i.__hardfp_atan     m_wm.l(atan.o)
    0x08005a60   0x08005a60   0x000000f8   Code   RO         1361    i.__kernel_poly     m_wm.l(poly.o)
    0x08005b58   0x08005b58   0x00000014   Code   RO         1340    i.__mathlib_dbl_infnan  m_wm.l(dunder.o)
    0x08005b6c   0x08005b6c   0x00000004   PAD
    0x08005b70   0x08005b70   0x00000020   Code   RO         1342    i.__mathlib_dbl_invalid  m_wm.l(dunder.o)
    0x08005b90   0x08005b90   0x00000020   Code   RO         1345    i.__mathlib_dbl_underflow  m_wm.l(dunder.o)
    0x08005bb0   0x08005bb0   0x0000000e   Code   RO         1409    i.__scatterload_copy  mc_w.l(handlers.o)
    0x08005bbe   0x08005bbe   0x00000002   Code   RO         1410    i.__scatterload_null  mc_w.l(handlers.o)
    0x08005bc0   0x08005bc0   0x0000000e   Code   RO         1411    i.__scatterload_zeroinit  mc_w.l(handlers.o)
    0x08005bce   0x08005bce   0x00000002   PAD
    0x08005bd0   0x08005bd0   0x0000000c   Code   RO         1391    i.__set_errno       mc_w.l(errno.o)
    0x08005bdc   0x08005bdc   0x00000018   Code   RO         1355    i.fabs              m_wm.l(fabs.o)
    0x08005bf4   0x08005bf4   0x0000006e   Code   RO         1365    i.sqrt              m_wm.l(sqrt.o)
    0x08005c62   0x08005c62   0x00000006   PAD
    0x08005c68   0x08005c68   0x00000050   Data   RO         1305    .constdata          m_wm.l(acos.o)
    0x08005cb8   0x08005cb8   0x00000098   Data   RO         1312    .constdata          m_wm.l(atan.o)
    0x08005d50   0x08005d50   0x00000010   Data   RO         1293    .rodata.AHBPrescTable  system_stm32f4xx.o
    0x08005d60   0x08005d60   0x00000008   Data   RO         1294    .rodata.APBPrescTable  system_stm32f4xx.o
    0x08005d68   0x08005d68   0x00000010   Data   RO           58    .rodata.Blue_Warehouse  robotic_arm.o
    0x08005d78   0x08005d78   0x00000010   Data   RO           59    .rodata.Green_Warehouse  robotic_arm.o
    0x08005d88   0x08005d88   0x00000004   Data   RO          219    .rodata.MOTOR_SendMultipleStart_ARRAY  usart.o
    0x08005d8c   0x08005d8c   0x00000010   Data   RO           55    .rodata.Raw_Material_ClawFront  robotic_arm.o
    0x08005d9c   0x08005d9c   0x00000010   Data   RO           57    .rodata.Raw_Material_ClawRight  robotic_arm.o
    0x08005dac   0x08005dac   0x00000010   Data   RO           54    .rodata.Raw_Material_Scanning  robotic_arm.o
    0x08005dbc   0x08005dbc   0x00000010   Data   RO           60    .rodata.Red_Warehouse  robotic_arm.o
    0x08005dcc   0x08005dcc   0x00000010   Data   RO           67    .rodata.Relay_point  robotic_arm.o
    0x08005ddc   0x08005ddc   0x00000008   Data   RO          634    .rodata.cst8        stm32f4xx_hal_dma.o
    0x08005de4   0x08005de4   0x00000020   Data   RO         1408    Region$$Table       anon$$obj.o


    Execution Region RW_IRAM1 (Exec base: 0x20000000, Load base: 0x08005e08, Size: 0x000015a0, Max: 0x0001c000, ABSOLUTE)

    Exec Addr    Load Addr    Size         Type   Attr      Idx    E Section Name        Object

    0x20000000   0x08005e08   0x00000004   Data   RW         1392    .data               mc_w.l(errno.o)
    0x20000004   0x08005e0c   0x00000040   Data   RW           68    .data..L_MergedGlobals  robotic_arm.o
    0x20000044   0x08005e4c   0x00000008   Data   RW          812    .data..L_MergedGlobals  stm32f4xx_hal.o
    0x2000004c   0x08005e54   0x00000008   Data   RW          217    .data.MOTOR_UARTPACK_SpeedControl  usart.o
    0x20000054   0x08005e5c   0x00000005   Data   RW          220    .data.MOTOR_UARTPACK_StopControl  usart.o
    0x20000059   0x08005e61   0x00000006   Data   RW           94    .data.Mission_Order  main.o
    0x2000005f   0x08005e67   0x00000004   Data   RW          221    .data.Mission_Pack  usart.o
    0x20000063   0x08005e6b   0x00000001   PAD
    0x20000064   0x08005e6c   0x00000004   Data   RW         1292    .data.SystemCoreClock  system_stm32f4xx.o
    0x20000068   0x08005e70   0x00000001   Data   RW          224    .data.Turban2_Index  usart.o
    0x20000069   0x08005e71   0x00000009   Data   RW          209    .data.rk3588_Arry   usart.o
    0x20000072   0x08005e7a   0x00000006   PAD
    0x20000078        -       0x00000074   Zero   RW           26    .bss..L_MergedGlobals  motor_carbase.o
    0x200000ec        -       0x00000036   Zero   RW          226    .bss..L_MergedGlobals  usart.o
    0x20000122   0x08005e7a   0x00000002   PAD
    0x20000124        -       0x00000014   Zero   RW           69    .bss..L_MergedGlobals.1  robotic_arm.o
    0x20000138        -       0x00000001   Zero   RW           95    .bss.Raw_Material.Raw_Material_CNT  main.o
    0x20000139   0x08005e7a   0x00000003   PAD
    0x2000013c        -       0x00000060   Zero   RW          213    .bss.hdma_uart4_rx  usart.o
    0x2000019c        -       0x00000060   Zero   RW          214    .bss.hdma_uart5_rx  usart.o
    0x200001fc        -       0x00000060   Zero   RW          215    .bss.hdma_usart1_rx  usart.o
    0x2000025c        -       0x00000060   Zero   RW          216    .bss.hdma_usart1_tx  usart.o
    0x200002bc        -       0x00000054   Zero   RW          130    .bss.hi2c1          i2c.o
    0x20000310        -       0x00000048   Zero   RW          165    .bss.htim1          tim.o
    0x20000358        -       0x00000048   Zero   RW          170    .bss.htim10         tim.o
    0x200003a0        -       0x00000048   Zero   RW          166    .bss.htim2          tim.o
    0x200003e8        -       0x00000048   Zero   RW          167    .bss.htim3          tim.o
    0x20000430        -       0x00000048   Zero   RW          168    .bss.htim4          tim.o
    0x20000478        -       0x00000048   Zero   RW          169    .bss.htim5          tim.o
    0x200004c0        -       0x00000048   Zero   RW          212    .bss.huart1         usart.o
    0x20000508        -       0x00000048   Zero   RW          210    .bss.huart4         usart.o
    0x20000550        -       0x00000048   Zero   RW          211    .bss.huart5         usart.o
    0x20000598        -       0x00000004   Zero   RW          811    .bss.uwTick         stm32f4xx_hal.o
    0x2000059c   0x08005e7a   0x00000004   PAD
    0x200005a0        -       0x00001000   Zero   RW            1    STACK               startup_stm32f407xx.o


    Execution Region RW_IRAM2 (Exec base: 0x2001c000, Load base: 0x08005e80, Size: 0x00000000, Max: 0x00004000, ABSOLUTE)

    **** No section assigned to this execution region ****


==============================================================================

Image component sizes


      Code (inc. data)   RO Data    RW Data    ZI Data      Debug   Object Name

       124          0          0          0          0       3525   dma.o
       300          0          0          0          0       2267   gpio.o
       182          0          0          0         84       5256   i2c.o
      1710         26          0          6          1       6891   main.o
       904         24          0          0        116      10467   motor_carbase.o
       718          0          0          0          0       7814   oled.o
      1346         96        112         64         20       6950   robotic_arm.o
        36          8        392          0       4096        836   startup_stm32f407xx.o
       204          0          0          8          4       7319   stm32f4xx_hal.o
       196          0          0          0          0      10736   stm32f4xx_hal_cortex.o
      1146          6          8          0          0      10548   stm32f4xx_hal_dma.o
       424          0          0          0          0       5366   stm32f4xx_hal_gpio.o
       356          0          0          0          0      44421   stm32f4xx_hal_i2c.o
        56          0          0          0          0       1475   stm32f4xx_hal_msp.o
      1480          0          0          0          0       7463   stm32f4xx_hal_rcc.o
      2136          6          0          0          0      57354   stm32f4xx_hal_tim.o
       266          0          0          0          0      21501   stm32f4xx_hal_tim_ex.o
      4068          0          0          0          0      32158   stm32f4xx_hal_uart.o
       122          0          0          0          0       6311   stm32f4xx_it.o
        18          0         24          4          0       2663   system_stm32f4xx.o
      1992         44          0          0        432      12357   tim.o
      1528         12          4         27        654      12597   usart.o

    ----------------------------------------------------------------------
     19422        222        572        112       5420     276275   Object Totals
         0          0         32          0          0          0   (incl. Generated)
       110          0          0          3         13          0   (incl. Padding)

    ----------------------------------------------------------------------

      Code (inc. data)   RO Data    RW Data    ZI Data      Debug   Library Member Name

       856        118         80          0          0        288   acos.o
       728        106        152          0          0        228   atan.o
        84         16          0          0          0        372   dunder.o
        24          0          0          0          0        124   fabs.o
        48          0          0          0          0        124   fpclassify.o
       248          0          0          0          0        152   poly.o
       110          0          0          0          0        148   sqrt.o
         0          0          0          0          0          0   entry.o
         0          0          0          0          0          0   entry10a.o
         0          0          0          0          0          0   entry11a.o
         8          4          0          0          0          0   entry2.o
         4          0          0          0          0          0   entry5.o
         0          0          0          0          0          0   entry7b.o
         0          0          0          0          0          0   entry8b.o
         8          4          0          0          0          0   entry9a.o
        12          6          0          4          0         68   errno.o
        30          0          0          0          0          0   handlers.o
        48         10          0          0          0         68   init.o
         0          0          0          0          0          0   iusefp.o
        30          0          0          0          0         68   llshl.o
        36          0          0          0          0         68   llsshr.o
        32          0          0          0          0         68   llushr.o
        36          0          0          0          0        108   memseta.o
        98          0          0          0          0         92   uldiv.o
        56          0          0          0          0         88   d2f.o
       334          0          0          0          0        148   dadd.o
       222          0          0          0          0        100   ddiv.o
       186          0          0          0          0        176   depilogue.o
        50          0          0          0          0         76   dfixui.o
       228          0          0          0          0         96   dmul.o
       162          0          0          0          0        100   dsqrt.o
        38          0          0          0          0         68   f2d.o
       110          0          0          0          0        168   fepilogue.o

    ----------------------------------------------------------------------
      3842        264        232          4          0       2996   Library Totals
        16          0          0          0          0          0   (incl. Padding)

    ----------------------------------------------------------------------

      Code (inc. data)   RO Data    RW Data    ZI Data      Debug   Library Name

      2098        240        232          0          0       1436   m_wm.l
       342         24          0          4          0        540   mc_w.l
      1386          0          0          0          0       1020   mf_w.l

    ----------------------------------------------------------------------
      3842        264        232          4          0       2996   Library Totals

    ----------------------------------------------------------------------

==============================================================================


      Code (inc. data)   RO Data    RW Data    ZI Data      Debug   

     23264        486        804        116       5420     277599   Grand Totals
     23264        486        804        116       5420     277599   ELF Image Totals
     23264        486        804        116          0          0   ROM Totals

==============================================================================

    Total RO  Size (Code + RO Data)                24068 (  23.50kB)
    Total RW  Size (RW Data + ZI Data)              5536 (   5.41kB)
    Total ROM Size (Code + RO Data + RW Data)      24184 (  23.62kB)

==============================================================================

